 TrainOps

 Timestamp is 505e3ecd (Sat Sep 22 18:42:21 2012)

 Preferred load address is 00400000

 Start         Length     Name                   Class
 0001:00000000 0006ba8cH .text                   CODE
 0001:0006ba90 000099bcH .text$x                 CODE
 0002:00000000 00000fd4H .idata$5                DATA
 0002:00000fd8 00007fccH .rdata                  DATA
 0002:00008fa8 0000008cH .rdata$r                DATA
 0002:00009038 0000aa20H .xdata$x                DATA
 0002:00013a58 0000012cH .idata$2                DATA
 0002:00013b84 00000014H .idata$3                DATA
 0002:00013b98 00000fd4H .idata$4                DATA
 0002:00014b6c 00002040H .idata$6                DATA
 0002:00016bac 00000000H .edata                  DATA
 0003:00000000 00000004H .CRT$XCA                DATA
 0003:00000004 00000004H .CRT$XCL                DATA
 0003:00000008 000000a8H .CRT$XCU                DATA
 0003:000000b0 00000004H .CRT$XCZ                DATA
 0003:000000b4 00000004H .CRT$XIA                DATA
 0003:000000b8 00000004H .CRT$XIZ                DATA
 0003:000000c0 0000bf20H .data                   DATA
 0003:0000bfe0 00000ad8H .bss                    DATA
 0004:00000000 00000ef0H .rsrc$01                DATA
 0004:00000ef0 00024fd0H .rsrc$02                DATA

  Address         Publics by Value              Rva+Base     Lib:Object

 0001:00000000       ?getBitAt@Config@@SA_NHH@Z 00401000 f   Config.obj
 0001:00000010       ??0CAboutDialog@@QAE@XZ    00401010 f   AboutDialog.obj
 0001:000000f0       ??_ECAboutDialog@@UAEPAXI@Z 004010f0 f i AboutDialog.obj
 0001:000000f0       ??_GCAboutDialog@@UAEPAXI@Z 004010f0 f i AboutDialog.obj
 0001:00000110       ??1CAboutDialog@@UAE@XZ    00401110 f i AboutDialog.obj
 0001:000001a0       ?DoDataExchange@CAboutDialog@@MAEXPAVCDataExchange@@@Z 004011a0 f   AboutDialog.obj
 0001:00000210       ?_GetBaseMessageMap@CAboutDialog@@KGPBUAFX_MSGMAP@@XZ 00401210 f   AboutDialog.obj
 0001:00000220       ?GetMessageMap@CAboutDialog@@MBEPBUAFX_MSGMAP@@XZ 00401220 f   AboutDialog.obj
 0001:00000230       ?OnInitDialog@CAboutDialog@@MAEHXZ 00401230 f   AboutDialog.obj
 0001:000003e0       ?Serialize@CObject@@UAEXAAVCArchive@@@Z 004013e0 f i AboutDialog.obj
 0001:000003f0       ?AssertValid@CObject@@UBEXXZ 004013f0 f i AboutDialog.obj
 0001:00000400       ?Dump@CObject@@UBEXAAVCDumpContext@@@Z 00401400 f i AboutDialog.obj
 0001:00000410       ?BeginModalState@CWnd@@UAEXXZ 00401410 f i AboutDialog.obj
 0001:00000420       ?EndModalState@CWnd@@UAEXXZ 00401420 f i AboutDialog.obj
 0001:00000430       ??0CCabooseDetailDialog@@QAE@PAVCWnd@@@Z 00401430 f   CabooseDetailDialog.obj
 0001:00000520       ??_GCCabooseDetailDialog@@UAEPAXI@Z 00401520 f i CabooseDetailDialog.obj
 0001:00000520       ??_ECCabooseDetailDialog@@UAEPAXI@Z 00401520 f i CabooseDetailDialog.obj
 0001:00000540       ??1CCabooseDetailDialog@@UAE@XZ 00401540 f i CabooseDetailDialog.obj
 0001:000005c0       ?DoDataExchange@CCabooseDetailDialog@@MAEXPAVCDataExchange@@@Z 004015c0 f   CabooseDetailDialog.obj
 0001:00000650       ?_GetBaseMessageMap@CCabooseDetailDialog@@KGPBUAFX_MSGMAP@@XZ 00401650 f   CabooseDetailDialog.obj
 0001:00000660       ?GetMessageMap@CCabooseDetailDialog@@MBEPBUAFX_MSGMAP@@XZ 00401660 f   CabooseDetailDialog.obj
 0001:00000670       ?OnInitDialog@CCabooseDetailDialog@@MAEHXZ 00401670 f   CabooseDetailDialog.obj
 0001:00000850       ?OnOK@CCabooseDetailDialog@@MAEXXZ 00401850 f   CabooseDetailDialog.obj
 0001:00000a20       ?DoDataExchange@CWnd@@MAEXPAVCDataExchange@@@Z 00401a20 f i CabooseDetailDialog.obj
 0001:00000a30       ??_ECDateTimeCtrl@@UAEPAXI@Z 00401a30 f i CabooseDetailDialog.obj
 0001:00000a30       ??_GCDateTimeCtrl@@UAEPAXI@Z 00401a30 f i CabooseDetailDialog.obj
 0001:00000a50       ??0CCabooseDialog@@QAE@PAVCWnd@@@Z 00401a50 f   CabooseDialog.obj
 0001:00000af0       ??_ECCabooseDialog@@UAEPAXI@Z 00401af0 f i CabooseDialog.obj
 0001:00000af0       ??_GCCabooseDialog@@UAEPAXI@Z 00401af0 f i CabooseDialog.obj
 0001:00000b10       ??1CCabooseDialog@@UAE@XZ  00401b10 f i CabooseDialog.obj
 0001:00000b90       ?DoDataExchange@CCabooseDialog@@MAEXPAVCDataExchange@@@Z 00401b90 f   CabooseDialog.obj
 0001:00000bf0       ?_GetBaseMessageMap@CCabooseDialog@@KGPBUAFX_MSGMAP@@XZ 00401bf0 f   CabooseDialog.obj
 0001:00000c00       ?GetMessageMap@CCabooseDialog@@MBEPBUAFX_MSGMAP@@XZ 00401c00 f   CabooseDialog.obj
 0001:00000c10       ?OnInitDialog@CCabooseDialog@@MAEHXZ 00401c10 f   CabooseDialog.obj
 0001:00000c60       ?ReadDB@CCabooseDialog@@IAEXXZ 00401c60 f   CabooseDialog.obj
 0001:00000dc0       ?OnOK@CCabooseDialog@@MAEXXZ 00401dc0 f   CabooseDialog.obj
 0001:00000dd0       ?OnEditbutton@CCabooseDialog@@IAEXXZ 00401dd0 f   CabooseDialog.obj
 0001:00000ec0       ?OnDeletebutton@CCabooseDialog@@IAEXXZ 00401ec0 f   CabooseDialog.obj
 0001:00000fa0       ?OnAddbutton@CCabooseDialog@@IAEXXZ 00401fa0 f   CabooseDialog.obj
 0001:00001060       ?OnClickCabooselist@CCabooseDialog@@IAEXPAUtagNMHDR@@PAJ@Z 00402060 f   CabooseDialog.obj
 0001:000010a0       ?OnDblclkCabooselist@CCabooseDialog@@IAEXPAUtagNMHDR@@PAJ@Z 004020a0 f   CabooseDialog.obj
 0001:000011a0       ??_ECButton@@UAEPAXI@Z     004021a0 f i CabooseDialog.obj
 0001:000011a0       ??_GCButton@@UAEPAXI@Z     004021a0 f i CabooseDialog.obj
 0001:000011c0       ??0CCarLocationTrainsDialog@@QAE@PAVCWnd@@@Z 004021c0 f   CarLocationTrainsDialog.obj
 0001:00001250       ??_ECCarLocationTrainsDialog@@UAEPAXI@Z 00402250 f i CarLocationTrainsDialog.obj
 0001:00001250       ??_GCCarLocationTrainsDialog@@UAEPAXI@Z 00402250 f i CarLocationTrainsDialog.obj
 0001:00001270       ??1CCarLocationTrainsDialog@@UAE@XZ 00402270 f i CarLocationTrainsDialog.obj
 0001:000012e0       ?DoDataExchange@CCarLocationTrainsDialog@@MAEXPAVCDataExchange@@@Z 004022e0 f   CarLocationTrainsDialog.obj
 0001:00001320       ?_GetBaseMessageMap@CCarLocationTrainsDialog@@KGPBUAFX_MSGMAP@@XZ 00402320 f   CarLocationTrainsDialog.obj
 0001:00001330       ?GetMessageMap@CCarLocationTrainsDialog@@MBEPBUAFX_MSGMAP@@XZ 00402330 f   CarLocationTrainsDialog.obj
 0001:00001340       ?OnInitDialog@CCarLocationTrainsDialog@@MAEHXZ 00402340 f   CarLocationTrainsDialog.obj
 0001:000014e0       ?OnItemchangedTrainlist@CCarLocationTrainsDialog@@IAEXPAUtagNMHDR@@PAJ@Z 004024e0 f   CarLocationTrainsDialog.obj
 0001:00001510       ?OnReportbutton@CCarLocationTrainsDialog@@IAEXXZ 00402510 f   CarLocationTrainsDialog.obj
 0001:00001540       ?OnReportSortedButton@CCarLocationTrainsDialog@@IAEXXZ 00402540 f   CarLocationTrainsDialog.obj
 0001:00001570       ??0CCarsDialog@@QAE@PAVCWnd@@@Z 00402570 f   CarsDialog.obj
 0001:00001640       ??_ECCarsDialog@@UAEPAXI@Z 00402640 f i CarsDialog.obj
 0001:00001640       ??_GCCarsDialog@@UAEPAXI@Z 00402640 f i CarsDialog.obj
 0001:00001660       ??1CCarsDialog@@UAE@XZ     00402660 f i CarsDialog.obj
 0001:000016f0       ?DoDataExchange@CCarsDialog@@MAEXPAVCDataExchange@@@Z 004026f0 f   CarsDialog.obj
 0001:00001770       ?_GetBaseMessageMap@CCarsDialog@@KGPBUAFX_MSGMAP@@XZ 00402770 f   CarsDialog.obj
 0001:00001780       ?GetMessageMap@CCarsDialog@@MBEPBUAFX_MSGMAP@@XZ 00402780 f   CarsDialog.obj
 0001:00001790       ?OnInitDialog@CCarsDialog@@MAEHXZ 00402790 f   CarsDialog.obj
 0001:00001890       ?ReadDB@CCarsDialog@@IAEXXZ 00402890 f   CarsDialog.obj
 0001:00001b00       ?OnAddcars@CCarsDialog@@IAEXXZ 00402b00 f   CarsDialog.obj
 0001:00001ce0       ?OnOK@CCarsDialog@@MAEXXZ  00402ce0 f   CarsDialog.obj
 0001:00001d10       ?OnEditCarsButton@CCarsDialog@@IAEXXZ 00402d10 f   CarsDialog.obj
 0001:00001df0       ??1CCarsListDialog@@UAE@XZ 00402df0 f i CarsDialog.obj
 0001:00001e60       ?OnDblclkCarslist@CCarsDialog@@IAEXPAUtagNMHDR@@PAJ@Z 00402e60 f   CarsDialog.obj
 0001:00001f50       ?OnClickCarslist@CCarsDialog@@IAEXPAUtagNMHDR@@PAJ@Z 00402f50 f   CarsDialog.obj
 0001:00001fa0       ?GetCarUsage@CCarsDialog@@IAEMH@Z 00402fa0 f   CarsDialog.obj
 0001:00002210       ?OnClose@CCarsDialog@@IAEXXZ 00403210 f   CarsDialog.obj
 0001:00002240       ??_ECComboBox@@UAEPAXI@Z   00403240 f i CarsDialog.obj
 0001:00002240       ??_GCComboBox@@UAEPAXI@Z   00403240 f i CarsDialog.obj
 0001:00002260       ??0CCarsListDialog@@QAE@PAVCWnd@@@Z 00403260 f   CarsListDialog.obj
 0001:00002300       ??_ECCarsListDialog@@UAEPAXI@Z 00403300 f i CarsListDialog.obj
 0001:00002300       ??_GCCarsListDialog@@UAEPAXI@Z 00403300 f i CarsListDialog.obj
 0001:00002320       ?DoDataExchange@CCarsListDialog@@MAEXPAVCDataExchange@@@Z 00403320 f   CarsListDialog.obj
 0001:00002360       ?_GetBaseMessageMap@CCarsListDialog@@KGPBUAFX_MSGMAP@@XZ 00403360 f   CarsListDialog.obj
 0001:00002370       ?GetMessageMap@CCarsListDialog@@MBEPBUAFX_MSGMAP@@XZ 00403370 f   CarsListDialog.obj
 0001:00002380       ?OnInitDialog@CCarsListDialog@@MAEHXZ 00403380 f   CarsListDialog.obj
 0001:00002540       ?ReadDB@CCarsListDialog@@QAEXXZ 00403540 f   CarsListDialog.obj
 0001:00002b20       ?OnClickCarslist@CCarsListDialog@@IAEXPAUtagNMHDR@@PAJ@Z 00403b20 f   CarsListDialog.obj
 0001:00002b70       ?OnDblclkCarslist@CCarsListDialog@@IAEXPAUtagNMHDR@@PAJ@Z 00403b70 f   CarsListDialog.obj
 0001:00002bb0       ?OnDeletecarbutton@CCarsListDialog@@IAEXXZ 00403bb0 f   CarsListDialog.obj
 0001:00002ca0       ?OnEditcarbutton@CCarsListDialog@@IAEXXZ 00403ca0 f   CarsListDialog.obj
 0001:00002e40       ??1CEditCarDialog@@UAE@XZ  00403e40 f i CarsListDialog.obj
 0001:00002f40       ?OnAddCarButton@CCarsListDialog@@IAEXXZ 00403f40 f   CarsListDialog.obj
 0001:00003180       ??0CCarTypesDetailDialog@@QAE@PAVCWnd@@@Z 00404180 f   CarTypesDetailDialog.obj
 0001:00003220       ??_GCCarTypesDetailDialog@@UAEPAXI@Z 00404220 f i CarTypesDetailDialog.obj
 0001:00003220       ??_ECCarTypesDetailDialog@@UAEPAXI@Z 00404220 f i CarTypesDetailDialog.obj
 0001:00003240       ??1CCarTypesDetailDialog@@UAE@XZ 00404240 f i CarTypesDetailDialog.obj
 0001:000032a0       ?DoDataExchange@CCarTypesDetailDialog@@MAEXPAVCDataExchange@@@Z 004042a0 f   CarTypesDetailDialog.obj
 0001:000032e0       ?_GetBaseMessageMap@CCarTypesDetailDialog@@KGPBUAFX_MSGMAP@@XZ 004042e0 f   CarTypesDetailDialog.obj
 0001:000032f0       ?GetMessageMap@CCarTypesDetailDialog@@MBEPBUAFX_MSGMAP@@XZ 004042f0 f   CarTypesDetailDialog.obj
 0001:00003300       ?OnInitDialog@CCarTypesDetailDialog@@MAEHXZ 00404300 f   CarTypesDetailDialog.obj
 0001:00003420       ?OnOK@CCarTypesDetailDialog@@MAEXXZ 00404420 f   CarTypesDetailDialog.obj
 0001:00003560       ??0CCarTypesDialog@@QAE@PAVCWnd@@@Z 00404560 f   CarTypesDialog.obj
 0001:00003600       ??_GCCarTypesDialog@@UAEPAXI@Z 00404600 f i CarTypesDialog.obj
 0001:00003600       ??_ECCarTypesDialog@@UAEPAXI@Z 00404600 f i CarTypesDialog.obj
 0001:00003620       ??1CCarTypesDialog@@UAE@XZ 00404620 f i CarTypesDialog.obj
 0001:000036a0       ?DoDataExchange@CCarTypesDialog@@MAEXPAVCDataExchange@@@Z 004046a0 f   CarTypesDialog.obj
 0001:00003700       ?_GetBaseMessageMap@CCarTypesDialog@@KGPBUAFX_MSGMAP@@XZ 00404700 f   CarTypesDialog.obj
 0001:00003710       ?GetMessageMap@CCarTypesDialog@@MBEPBUAFX_MSGMAP@@XZ 00404710 f   CarTypesDialog.obj
 0001:00003720       ?OnInitDialog@CCarTypesDialog@@MAEHXZ 00404720 f   CarTypesDialog.obj
 0001:000037d0       ?ReadDB@CCarTypesDialog@@IAEXXZ 004047d0 f   CarTypesDialog.obj
 0001:00003910       ?OnAddButton@CCarTypesDialog@@IAEXXZ 00404910 f   CarTypesDialog.obj
 0001:000039a0       ?OnDeleteButton@CCarTypesDialog@@IAEXXZ 004049a0 f   CarTypesDialog.obj
 0001:00003ae0       ?OnOK@CCarTypesDialog@@MAEXXZ 00404ae0 f   CarTypesDialog.obj
 0001:00003bf0       ?OnEditButton@CCarTypesDialog@@IAEXXZ 00404bf0 f   CarTypesDialog.obj
 0001:00003cb0       ?OnClickCartypeList@CCarTypesDialog@@IAEXPAUtagNMHDR@@PAJ@Z 00404cb0 f   CarTypesDialog.obj
 0001:00003d20       ?OnDblclkCartypeList@CCarTypesDialog@@IAEXPAUtagNMHDR@@PAJ@Z 00404d20 f   CarTypesDialog.obj
 0001:00003e10       ??0CCommoditiesDialog@@QAE@PAVCWnd@@@Z 00404e10 f   CommoditiesDialog.obj
 0001:00003e70       ??_ECCommoditiesDialog@@UAEPAXI@Z 00404e70 f i CommoditiesDialog.obj
 0001:00003e70       ??_GCCommoditiesDialog@@UAEPAXI@Z 00404e70 f i CommoditiesDialog.obj
 0001:00003e90       ??1CCommoditiesDialog@@UAE@XZ 00404e90 f i CommoditiesDialog.obj
 0001:00003ee0       ?DoDataExchange@CCommoditiesDialog@@MAEXPAVCDataExchange@@@Z 00404ee0 f   CommoditiesDialog.obj
 0001:00003f00       ?_GetBaseMessageMap@CCommoditiesDialog@@KGPBUAFX_MSGMAP@@XZ 00404f00 f   CommoditiesDialog.obj
 0001:00003f10       ?GetMessageMap@CCommoditiesDialog@@MBEPBUAFX_MSGMAP@@XZ 00404f10 f   CommoditiesDialog.obj
 0001:00003f20       ?OnInitDialog@CCommoditiesDialog@@MAEHXZ 00404f20 f   CommoditiesDialog.obj
 0001:00003f50       ?ReadDB@CCommoditiesDialog@@QAEXXZ 00404f50 f   CommoditiesDialog.obj
 0001:00004040       ?OnDblclkCommoditylist@CCommoditiesDialog@@IAEXPAUtagNMHDR@@PAJ@Z 00405040 f   CommoditiesDialog.obj
 0001:00004060       ?OnEditbutton@CCommoditiesDialog@@IAEXXZ 00405060 f   CommoditiesDialog.obj
 0001:00004130       ??1CEditCommodityDialog@@UAE@XZ 00405130 f i CommoditiesDialog.obj
 0001:00004190       ?OnAddbutton@CCommoditiesDialog@@IAEXXZ 00405190 f   CommoditiesDialog.obj
 0001:00004230       ?OnDeletebutton@CCommoditiesDialog@@IAEXXZ 00405230 f   CommoditiesDialog.obj
 0001:00004310       ??0CEditCarDialog@@QAE@PAVCWnd@@@Z 00405310 f   EditCarDialog.obj
 0001:000044e0       ??_ECEditCarDialog@@UAEPAXI@Z 004054e0 f i EditCarDialog.obj
 0001:000044e0       ??_GCEditCarDialog@@UAEPAXI@Z 004054e0 f i EditCarDialog.obj
 0001:00004500       ?DoDataExchange@CEditCarDialog@@MAEXPAVCDataExchange@@@Z 00405500 f   EditCarDialog.obj
 0001:00004630       ?_GetBaseMessageMap@CEditCarDialog@@KGPBUAFX_MSGMAP@@XZ 00405630 f   EditCarDialog.obj
 0001:00004640       ?GetMessageMap@CEditCarDialog@@MBEPBUAFX_MSGMAP@@XZ 00405640 f   EditCarDialog.obj
 0001:00004650       ?OnInitDialog@CEditCarDialog@@MAEHXZ 00405650 f   EditCarDialog.obj
 0001:00004ba0       ?OnOK@CEditCarDialog@@MAEXXZ 00405ba0 f   EditCarDialog.obj
 0001:00004e20       ?OnLastmaint@CEditCarDialog@@IAEXXZ 00405e20 f   EditCarDialog.obj
 0001:00004e60       ?OnForeign@CEditCarDialog@@IAEXXZ 00405e60 f   EditCarDialog.obj
 0001:00004ed0       ??_ECStatic@@UAEPAXI@Z     00405ed0 f i EditCarDialog.obj
 0001:00004ed0       ??_GCStatic@@UAEPAXI@Z     00405ed0 f i EditCarDialog.obj
 0001:00004ef0       ??0CEditCommodityDialog@@QAE@PAVCWnd@@@Z 00405ef0 f   EditCommodityDialog.obj
 0001:00004f80       ??_GCEditCommodityDialog@@UAEPAXI@Z 00405f80 f i EditCommodityDialog.obj
 0001:00004f80       ??_ECEditCommodityDialog@@UAEPAXI@Z 00405f80 f i EditCommodityDialog.obj
 0001:00004fa0       ?DoDataExchange@CEditCommodityDialog@@MAEXPAVCDataExchange@@@Z 00405fa0 f   EditCommodityDialog.obj
 0001:00004fd0       ?_GetBaseMessageMap@CEditCommodityDialog@@KGPBUAFX_MSGMAP@@XZ 00405fd0 f   EditCommodityDialog.obj
 0001:00004fe0       ?GetMessageMap@CEditCommodityDialog@@MBEPBUAFX_MSGMAP@@XZ 00405fe0 f   EditCommodityDialog.obj
 0001:00004ff0       ?OnInitDialog@CEditCommodityDialog@@MAEHXZ 00405ff0 f   EditCommodityDialog.obj
 0001:00005280       ?OnOK@CEditCommodityDialog@@MAEXXZ 00406280 f   EditCommodityDialog.obj
 0001:000054b0       ??0CEditTrainDialog@@QAE@PAVCWnd@@@Z 004064b0 f   EditTrainDialog.obj
 0001:00005650       ??_GCEditTrainDialog@@UAEPAXI@Z 00406650 f i EditTrainDialog.obj
 0001:00005650       ??_ECEditTrainDialog@@UAEPAXI@Z 00406650 f i EditTrainDialog.obj
 0001:00005670       ??1CEditTrainDialog@@UAE@XZ 00406670 f i EditTrainDialog.obj
 0001:00005780       ?DoDataExchange@CEditTrainDialog@@MAEXPAVCDataExchange@@@Z 00406780 f   EditTrainDialog.obj
 0001:000058c0       ?_GetBaseMessageMap@CEditTrainDialog@@KGPBUAFX_MSGMAP@@XZ 004068c0 f   EditTrainDialog.obj
 0001:000058d0       ?GetMessageMap@CEditTrainDialog@@MBEPBUAFX_MSGMAP@@XZ 004068d0 f   EditTrainDialog.obj
 0001:000058e0       ?OnInitDialog@CEditTrainDialog@@MAEHXZ 004068e0 f   EditTrainDialog.obj
 0001:00005c60       ?OnAddbutton@CEditTrainDialog@@IAEXXZ 00406c60 f   EditTrainDialog.obj
 0001:00005da0       ?OnDblclkAvailablelocationlist@CEditTrainDialog@@IAEXXZ 00406da0 f   EditTrainDialog.obj
 0001:00005db0       ?OnRemovebutton@CEditTrainDialog@@IAEXXZ 00406db0 f   EditTrainDialog.obj
 0001:00005e90       ?OnSelchangeRoutelocationlist@CEditTrainDialog@@IAEXXZ 00406e90 f   EditTrainDialog.obj
 0001:00006350       ?OnSelchangeAvailablelocationlist@CEditTrainDialog@@IAEXXZ 00407350 f   EditTrainDialog.obj
 0001:00006390       ?OnUpbutton@CEditTrainDialog@@IAEXXZ 00407390 f   EditTrainDialog.obj
 0001:000064d0       ?OnDownbutton@CEditTrainDialog@@IAEXXZ 004074d0 f   EditTrainDialog.obj
 0001:00006620       ?OnItemchangedIndustrylist@CEditTrainDialog@@IAEXPAUtagNMHDR@@PAJ@Z 00407620 f   EditTrainDialog.obj
 0001:00006770       ?OnOK@CEditTrainDialog@@MAEXXZ 00407770 f   EditTrainDialog.obj
 0001:00006c00       ?OnLocalswitcher@CEditTrainDialog@@IAEXXZ 00407c00 f   EditTrainDialog.obj
 0001:00006cc0       ?OnChangeRoutecode@CEditTrainDialog@@IAEXXZ 00407cc0 f   EditTrainDialog.obj
 0001:00006cd0       ?OnChangeRoutename@CEditTrainDialog@@IAEXXZ 00407cd0 f   EditTrainDialog.obj
 0001:00006ce0       ?OnClose@CEditTrainDialog@@IAEXXZ 00407ce0 f   EditTrainDialog.obj
 0001:00006cf0       ?OnInterchangeCheck@CEditTrainDialog@@IAEXXZ 00407cf0 f   EditTrainDialog.obj
 0001:00006db0       ?OnCancel@CEditTrainDialog@@MAEXXZ 00407db0 f   EditTrainDialog.obj
 0001:00006e40       ?OnChangeMaxMoves@CEditTrainDialog@@IAEXXZ 00407e40 f   EditTrainDialog.obj
 0001:00006f00       ??_GCListBox@@UAEPAXI@Z    00407f00 f i EditTrainDialog.obj
 0001:00006f00       ??_ECListBox@@UAEPAXI@Z    00407f00 f i EditTrainDialog.obj
 0001:00006f20       ??_GCEdit@@UAEPAXI@Z       00407f20 f i EditTrainDialog.obj
 0001:00006f20       ??_ECEdit@@UAEPAXI@Z       00407f20 f i EditTrainDialog.obj
 0001:00006f40       ??0CEquipmentLocationDialog@@QAE@PAVCWnd@@@Z 00407f40 f   EquipmentLocationDialog.obj
 0001:00006fb0       ??_GCEquipmentLocationDialog@@UAEPAXI@Z 00407fb0 f i EquipmentLocationDialog.obj
 0001:00006fb0       ??_ECEquipmentLocationDialog@@UAEPAXI@Z 00407fb0 f i EquipmentLocationDialog.obj
 0001:00006fd0       ??1CEquipmentLocationDialog@@UAE@XZ 00407fd0 f i EquipmentLocationDialog.obj
 0001:00007030       ?DoDataExchange@CEquipmentLocationDialog@@MAEXPAVCDataExchange@@@Z 00408030 f   EquipmentLocationDialog.obj
 0001:00007060       ?_GetBaseMessageMap@CEquipmentLocationDialog@@KGPBUAFX_MSGMAP@@XZ 00408060 f   EquipmentLocationDialog.obj
 0001:00007070       ?GetMessageMap@CEquipmentLocationDialog@@MBEPBUAFX_MSGMAP@@XZ 00408070 f   EquipmentLocationDialog.obj
 0001:00007080       ?OnInitDialog@CEquipmentLocationDialog@@MAEHXZ 00408080 f   EquipmentLocationDialog.obj
 0001:000071b0       ?ReadDB@CEquipmentLocationDialog@@AAEXXZ 004081b0 f   EquipmentLocationDialog.obj
 0001:00007740       ?OnOK@CEquipmentLocationDialog@@MAEXXZ 00408740 f   EquipmentLocationDialog.obj
 0001:00007780       ?CleanupTree@CEquipmentLocationDialog@@AAEXXZ 00408780 f   EquipmentLocationDialog.obj
 0001:00007860       ?OnSelchangedEquipmenttree@CEquipmentLocationDialog@@IAEXPAUtagNMHDR@@PAJ@Z 00408860 f   EquipmentLocationDialog.obj
 0001:000078d0       ?GetCars@CEquipmentLocationDialog@@AAEXHH@Z 004088d0 f   EquipmentLocationDialog.obj
 0001:00008530       ?GetCarType@CEquipmentLocationDialog@@AAE?AVCString@@H@Z 00409530 f   EquipmentLocationDialog.obj
 0001:00008640       ??0CEquipmentNotFoundDialog@@QAE@PAVCWnd@@@Z 00409640 f   EquipmentNotFoundDialog.obj
 0001:000086c0       ??_GCEquipmentNotFoundDialog@@UAEPAXI@Z 004096c0 f i EquipmentNotFoundDialog.obj
 0001:000086c0       ??_ECEquipmentNotFoundDialog@@UAEPAXI@Z 004096c0 f i EquipmentNotFoundDialog.obj
 0001:000086e0       ??1CEquipmentNotFoundDialog@@UAE@XZ 004096e0 f i EquipmentNotFoundDialog.obj
 0001:00008740       ?DoDataExchange@CEquipmentNotFoundDialog@@MAEXPAVCDataExchange@@@Z 00409740 f   EquipmentNotFoundDialog.obj
 0001:00008770       ?_GetBaseMessageMap@CEquipmentNotFoundDialog@@KGPBUAFX_MSGMAP@@XZ 00409770 f   EquipmentNotFoundDialog.obj
 0001:00008780       ?GetMessageMap@CEquipmentNotFoundDialog@@MBEPBUAFX_MSGMAP@@XZ 00409780 f   EquipmentNotFoundDialog.obj
 0001:00008790       ?OnInitDialog@CEquipmentNotFoundDialog@@MAEHXZ 00409790 f   EquipmentNotFoundDialog.obj
 0001:000087e0       ?ReadDB@CEquipmentNotFoundDialog@@IAEXXZ 004097e0 f   EquipmentNotFoundDialog.obj
 0001:000089a0       ?OnOK@CEquipmentNotFoundDialog@@MAEXXZ 004099a0 f   EquipmentNotFoundDialog.obj
 0001:000089d0       ?CleanupTree@CEquipmentNotFoundDialog@@IAEXXZ 004099d0 f   EquipmentNotFoundDialog.obj
 0001:00008a80       ?OnSelchangedEquipmenttree@CEquipmentNotFoundDialog@@IAEXPAUtagNMHDR@@PAJ@Z 00409a80 f   EquipmentNotFoundDialog.obj
 0001:00008af0       ?GetCars@CEquipmentNotFoundDialog@@IAEXH@Z 00409af0 f   EquipmentNotFoundDialog.obj
 0001:00009050       ?OnPrunetohere@CEquipmentNotFoundDialog@@IAEXXZ 0040a050 f   EquipmentNotFoundDialog.obj
 0001:00009140       ?OnRclickNotfoundtree@CEquipmentNotFoundDialog@@IAEXPAUtagNMHDR@@PAJ@Z 0040a140 f   EquipmentNotFoundDialog.obj
 0001:00009230       ??1CObject@@UAE@XZ         0040a230 f i EquipmentNotFoundDialog.obj
 0001:00009240       ??_GCObject@@UAEPAXI@Z     0040a240 f i EquipmentNotFoundDialog.obj
 0001:00009240       ??_ECObject@@UAEPAXI@Z     0040a240 f i EquipmentNotFoundDialog.obj
 0001:00009260       ??_ECMenu@@UAEPAXI@Z       0040a260 f i EquipmentNotFoundDialog.obj
 0001:00009260       ??_GCMenu@@UAEPAXI@Z       0040a260 f i EquipmentNotFoundDialog.obj
 0001:00009280       ??1CMenu@@UAE@XZ           0040a280 f i EquipmentNotFoundDialog.obj
 0001:000092d0       ??_GCTreeCtrl@@UAEPAXI@Z   0040a2d0 f i EquipmentNotFoundDialog.obj
 0001:000092d0       ??_ECTreeCtrl@@UAEPAXI@Z   0040a2d0 f i EquipmentNotFoundDialog.obj
 0001:000092f0       ??0CEquipmentTrackingDialog@@QAE@PAVCWnd@@@Z 0040a2f0 f   EquipmentTrackingDialog.obj
 0001:00009360       ??_GCEquipmentTrackingDialog@@UAEPAXI@Z 0040a360 f i EquipmentTrackingDialog.obj
 0001:00009360       ??_ECEquipmentTrackingDialog@@UAEPAXI@Z 0040a360 f i EquipmentTrackingDialog.obj
 0001:00009380       ??1CEquipmentTrackingDialog@@UAE@XZ 0040a380 f i EquipmentTrackingDialog.obj
 0001:000093e0       ?DoDataExchange@CEquipmentTrackingDialog@@MAEXPAVCDataExchange@@@Z 0040a3e0 f   EquipmentTrackingDialog.obj
 0001:00009410       ?_GetBaseMessageMap@CEquipmentTrackingDialog@@KGPBUAFX_MSGMAP@@XZ 0040a410 f   EquipmentTrackingDialog.obj
 0001:00009420       ?GetMessageMap@CEquipmentTrackingDialog@@MBEPBUAFX_MSGMAP@@XZ 0040a420 f   EquipmentTrackingDialog.obj
 0001:00009430       ?OnInitDialog@CEquipmentTrackingDialog@@MAEHXZ 0040a430 f   EquipmentTrackingDialog.obj
 0001:00009550       ?ReadDB@CEquipmentTrackingDialog@@QAEXXZ 0040a550 f   EquipmentTrackingDialog.obj
 0001:000098a0       ?OnOK@CEquipmentTrackingDialog@@MAEXXZ 0040a8a0 f   EquipmentTrackingDialog.obj
 0001:000098e0       ?CleanupTree@CEquipmentTrackingDialog@@QAEXXZ 0040a8e0 f   EquipmentTrackingDialog.obj
 0001:00009990       ?OnSelchangedEquipmenttree@CEquipmentTrackingDialog@@IAEXPAUtagNMHDR@@PAJ@Z 0040a990 f   EquipmentTrackingDialog.obj
 0001:00009a00       ?GetCars@CEquipmentTrackingDialog@@QAEXH@Z 0040aa00 f   EquipmentTrackingDialog.obj
 0001:0000a160       ?_GetBaseClass@CFolderDialog@@KGPAUCRuntimeClass@@XZ 0040b160 f   FolderDlg.obj
 0001:0000a170       ?GetRuntimeClass@CFolderDialog@@UBEPAUCRuntimeClass@@XZ 0040b170 f   FolderDlg.obj
 0001:0000a180       ??0CFolderDialog@@QAE@PBD0PAVCWnd@@I@Z 0040b180 f   FolderDlg.obj
 0001:0000a260       ??_ECFolderDialog@@UAEPAXI@Z 0040b260 f i FolderDlg.obj
 0001:0000a260       ??_GCFolderDialog@@UAEPAXI@Z 0040b260 f i FolderDlg.obj
 0001:0000a280       ??1CFolderDialog@@UAE@XZ   0040b280 f   FolderDlg.obj
 0001:0000a2d0       ?_GetBaseMessageMap@CFolderDialog@@KGPBUAFX_MSGMAP@@XZ 0040b2d0 f   FolderDlg.obj
 0001:0000a2e0       ?GetMessageMap@CFolderDialog@@MBEPBUAFX_MSGMAP@@XZ 0040b2e0 f   FolderDlg.obj
 0001:0000a2f0       ?SetRootFolder@CFolderDialog@@QAEHPBD@Z 0040b2f0 f   FolderDlg.obj
 0001:0000a3d0       ?GetRootFolder@CFolderDialog@@QAEHPAD@Z 0040b3d0 f   FolderDlg.obj
 0001:0000a3f0       ?SetSelectedFolder@CFolderDialog@@QAEHPBD@Z 0040b3f0 f   FolderDlg.obj
 0001:0000a410       ?DoModal@CFolderDialog@@UAEHXZ 0040b410 f   FolderDlg.obj
 0001:0000a470       ?OnInitialized@CFolderDialog@@MAEXXZ 0040b470 f   FolderDlg.obj
 0001:0000a490       ?OnSelChanged@CFolderDialog@@MAEXPAU_ITEMIDLIST@@@Z 0040b490 f   FolderDlg.obj
 0001:0000a4f0       ?OnValidateFailed@CFolderDialog@@MAEHPBD@Z 0040b4f0 f   FolderDlg.obj
 0001:0000a500       ?OnIUnknown@CFolderDialog@@MAEXPAUIUnknown@@@Z 0040b500 f   FolderDlg.obj
 0001:0000a510       ?BrowseCallbackProc@CFolderDialog@@CGHPAUHWND__@@IJJ@Z 0040b510 f   FolderDlg.obj
 0001:0000a5d0       ?SetExpanded@CFolderDialog@@IAEXPBD@Z 0040b5d0 f   FolderDlg.obj
 0001:0000a640       ?SetOKText@CFolderDialog@@IAEXPBD@Z 0040b640 f   FolderDlg.obj
 0001:0000a6b0       ?EnableOK@CFolderDialog@@IAEXH@Z 0040b6b0 f   FolderDlg.obj
 0001:0000a6d0       ?SetSelection@CFolderDialog@@IAEXPAU_ITEMIDLIST@@@Z 0040b6d0 f   FolderDlg.obj
 0001:0000a6f0       ?SetSelection@CFolderDialog@@IAEXPBD@Z 0040b6f0 f   FolderDlg.obj
 0001:0000a710       ?SetStatusText@CFolderDialog@@IAEXPBD@Z 0040b710 f   FolderDlg.obj
 0001:0000a730       ?SetExpanded@CFolderDialog@@IAEXPAU_ITEMIDLIST@@@Z 0040b730 f   FolderDlg.obj
 0001:0000a750       ??1CCommonDialog@@UAE@XZ   0040b750 f i FolderDlg.obj
 0001:0000a760       ??0CIGDebugDialog@@QAE@PAVCWnd@@@Z 0040b760 f   IGDebugDialog.obj
 0001:0000a7c0       ??_ECIGDebugDialog@@UAEPAXI@Z 0040b7c0 f i IGDebugDialog.obj
 0001:0000a7c0       ??_GCIGDebugDialog@@UAEPAXI@Z 0040b7c0 f i IGDebugDialog.obj
 0001:0000a7e0       ??1CIGDebugDialog@@UAE@XZ  0040b7e0 f i IGDebugDialog.obj
 0001:0000a830       ?DoDataExchange@CIGDebugDialog@@MAEXPAVCDataExchange@@@Z 0040b830 f   IGDebugDialog.obj
 0001:0000a850       ?_GetBaseMessageMap@CIGDebugDialog@@KGPBUAFX_MSGMAP@@XZ 0040b850 f   IGDebugDialog.obj
 0001:0000a860       ?GetMessageMap@CIGDebugDialog@@MBEPBUAFX_MSGMAP@@XZ 0040b860 f   IGDebugDialog.obj
 0001:0000a870       ?OnOK@CIGDebugDialog@@MAEXXZ 0040b870 f   IGDebugDialog.obj
 0001:0000a880       ?OnInitDialog@CIGDebugDialog@@MAEHXZ 0040b880 f   IGDebugDialog.obj
 0001:0000a8e0       ?ClearDebug@CIGDebugDialog@@QAEXXZ 0040b8e0 f   IGDebugDialog.obj
 0001:0000a920       ?AddDebug@CIGDebugDialog@@QAEXVCString@@@Z 0040b920 f   IGDebugDialog.obj
 0001:0000a9a0       ??0CIndustriesDialog@@QAE@PAVCWnd@@@Z 0040b9a0 f   IndustriesDialog.obj
 0001:0000aa50       ??_ECIndustriesDialog@@UAEPAXI@Z 0040ba50 f i IndustriesDialog.obj
 0001:0000aa50       ??_GCIndustriesDialog@@UAEPAXI@Z 0040ba50 f i IndustriesDialog.obj
 0001:0000aa70       ??1CIndustriesDialog@@UAE@XZ 0040ba70 f i IndustriesDialog.obj
 0001:0000aaf0       ?DoDataExchange@CIndustriesDialog@@MAEXPAVCDataExchange@@@Z 0040baf0 f   IndustriesDialog.obj
 0001:0000ab50       ?_GetBaseMessageMap@CIndustriesDialog@@KGPBUAFX_MSGMAP@@XZ 0040bb50 f   IndustriesDialog.obj
 0001:0000ab60       ?GetMessageMap@CIndustriesDialog@@MBEPBUAFX_MSGMAP@@XZ 0040bb60 f   IndustriesDialog.obj
 0001:0000ab70       ?OnInitDialog@CIndustriesDialog@@MAEHXZ 0040bb70 f   IndustriesDialog.obj
 0001:0000ab90       ?ReadDB@CIndustriesDialog@@IAEXXZ 0040bb90 f   IndustriesDialog.obj
 0001:0000ae20       ?OnAddbutton@CIndustriesDialog@@IAEXXZ 0040be20 f   IndustriesDialog.obj
 0001:0000b010       ??1CIndustryDetailDialog@@UAE@XZ 0040c010 f i IndustriesDialog.obj
 0001:0000b0f0       ?OnEditbutton@CIndustriesDialog@@IAEXXZ 0040c0f0 f   IndustriesDialog.obj
 0001:0000b330       ?OnDeletebutton@CIndustriesDialog@@IAEXXZ 0040c330 f   IndustriesDialog.obj
 0001:0000b460       ?OnOK@CIndustriesDialog@@MAEXXZ 0040c460 f   IndustriesDialog.obj
 0001:0000b480       ?OnSelchangedIndustrytree@CIndustriesDialog@@IAEXPAUtagNMHDR@@PAJ@Z 0040c480 f   IndustriesDialog.obj
 0001:0000b580       ?OnDblclkIndustrytree@CIndustriesDialog@@IAEXPAUtagNMHDR@@PAJ@Z 0040c580 f   IndustriesDialog.obj
 0001:0000b5a0       ?OnTimer@CIndustriesDialog@@IAEXI@Z 0040c5a0 f   IndustriesDialog.obj
 0001:0000b5d0       ??0CIndustryCarDetailDialog@@QAE@PAVCWnd@@@Z 0040c5d0 f   IndustryCarDetailDialog.obj
 0001:0000b6c0       ??_ECIndustryCarDetailDialog@@UAEPAXI@Z 0040c6c0 f i IndustryCarDetailDialog.obj
 0001:0000b6c0       ??_GCIndustryCarDetailDialog@@UAEPAXI@Z 0040c6c0 f i IndustryCarDetailDialog.obj
 0001:0000b6e0       ??1CIndustryCarDetailDialog@@UAE@XZ 0040c6e0 f i IndustryCarDetailDialog.obj
 0001:0000b760       ?DoDataExchange@CIndustryCarDetailDialog@@MAEXPAVCDataExchange@@@Z 0040c760 f   IndustryCarDetailDialog.obj
 0001:0000b800       ?_GetBaseMessageMap@CIndustryCarDetailDialog@@KGPBUAFX_MSGMAP@@XZ 0040c800 f   IndustryCarDetailDialog.obj
 0001:0000b810       ?GetMessageMap@CIndustryCarDetailDialog@@MBEPBUAFX_MSGMAP@@XZ 0040c810 f   IndustryCarDetailDialog.obj
 0001:0000b820       ?OnInitDialog@CIndustryCarDetailDialog@@MAEHXZ 0040c820 f   IndustryCarDetailDialog.obj
 0001:0000b860       ?OnOK@CIndustryCarDetailDialog@@MAEXXZ 0040c860 f   IndustryCarDetailDialog.obj
 0001:0000b880       ?OnChangeLoadempty@CIndustryCarDetailDialog@@IAEXXZ 0040c880 f   IndustryCarDetailDialog.obj
 0001:0000b8d0       ?OnChangePercent@CIndustryCarDetailDialog@@IAEXXZ 0040c8d0 f   IndustryCarDetailDialog.obj
 0001:0000b910       ?OnChangeQuanhigh@CIndustryCarDetailDialog@@IAEXXZ 0040c910 f   IndustryCarDetailDialog.obj
 0001:0000b950       ?OnChangeQuanlow@CIndustryCarDetailDialog@@IAEXXZ 0040c950 f   IndustryCarDetailDialog.obj
 0001:0000ba20       ??0CIndustryCarOrdersDialog@@QAE@PAVCWnd@@@Z 0040ca20 f   IndustryCarOrdersDialog.obj
 0001:0000baa0       ?GetResizableWnd@CResizableDialog@@MAEPAVCWnd@@XZ 0040caa0 f i IndustryCarOrdersDialog.obj
 0001:0000bab0       ??_ECIndustryCarOrdersDialog@@UAEPAXI@Z 0040cab0 f i IndustryCarOrdersDialog.obj
 0001:0000bab0       ??_GCIndustryCarOrdersDialog@@UAEPAXI@Z 0040cab0 f i IndustryCarOrdersDialog.obj
 0001:0000bad0       ??1CIndustryCarOrdersDialog@@UAE@XZ 0040cad0 f i IndustryCarOrdersDialog.obj
 0001:0000bb20       ?DoDataExchange@CIndustryCarOrdersDialog@@MAEXPAVCDataExchange@@@Z 0040cb20 f   IndustryCarOrdersDialog.obj
 0001:0000bb40       ?_GetBaseMessageMap@CIndustryCarOrdersDialog@@KGPBUAFX_MSGMAP@@XZ 0040cb40 f   IndustryCarOrdersDialog.obj
 0001:0000bb50       ?GetMessageMap@CIndustryCarOrdersDialog@@MBEPBUAFX_MSGMAP@@XZ 0040cb50 f   IndustryCarOrdersDialog.obj
 0001:0000bb60       ?OnInitDialog@CIndustryCarOrdersDialog@@MAEHXZ 0040cb60 f   IndustryCarOrdersDialog.obj
 0001:0000bfc0       ?OnOK@CIndustryCarOrdersDialog@@MAEXXZ 0040cfc0 f   IndustryCarOrdersDialog.obj
 0001:0000bfe0       ??_ECIndustryCarOrdersDialog@@WGA@AEPAXI@Z 0040cfe0 f i IndustryCarOrdersDialog.obj
 0001:0000bff0       ?GetResizableWnd@CResizableDialog@@OBM@AEPAVCWnd@@XZ 0040cff0 f i IndustryCarOrdersDialog.obj
 0001:0000c000       ??_ECIndustryCarOrdersDialog@@WHM@AEPAXI@Z 0040d000 f i IndustryCarOrdersDialog.obj
 0001:0000c010       ??_ECIndustryCarOrdersDialog@@WMI@AEPAXI@Z 0040d010 f i IndustryCarOrdersDialog.obj
 0001:0000c020       ?GetResizableWnd@CResizableDialog@@OJI@AEPAVCWnd@@XZ 0040d020 f i IndustryCarOrdersDialog.obj
 0001:0000c030       ??_ECIndustryCarOrdersDialog@@WPI@AEPAXI@Z 0040d030 f i IndustryCarOrdersDialog.obj
 0001:0000c040       ??0CIndustryDetailDialog@@QAE@PAVCWnd@@@Z 0040d040 f   IndustryDetailDialog.obj
 0001:0000c1b0       ??_ECIndustryDetailDialog@@UAEPAXI@Z 0040d1b0 f i IndustryDetailDialog.obj
 0001:0000c1b0       ??_GCIndustryDetailDialog@@UAEPAXI@Z 0040d1b0 f i IndustryDetailDialog.obj
 0001:0000c1d0       ?DoDataExchange@CIndustryDetailDialog@@MAEXPAVCDataExchange@@@Z 0040d1d0 f   IndustryDetailDialog.obj
 0001:0000c290       ?_GetBaseMessageMap@CIndustryDetailDialog@@KGPBUAFX_MSGMAP@@XZ 0040d290 f   IndustryDetailDialog.obj
 0001:0000c2a0       ?GetMessageMap@CIndustryDetailDialog@@MBEPBUAFX_MSGMAP@@XZ 0040d2a0 f   IndustryDetailDialog.obj
 0001:0000c2b0       ?OnInitDialog@CIndustryDetailDialog@@MAEHXZ 0040d2b0 f   IndustryDetailDialog.obj
 0001:0000c530       ?RecalcRatios@CIndustryDetailDialog@@QAEXXZ 0040d530 f   IndustryDetailDialog.obj
 0001:0000cd30       ?SetIndustryID@CIndustryDetailDialog@@QAEXH@Z 0040dd30 f   IndustryDetailDialog.obj
 0001:0000cd40       ?SetIndustryDefault@CIndustryDetailDialog@@QAEXXZ 0040dd40 f   IndustryDetailDialog.obj
 0001:0000cd50       ?OnOK@CIndustryDetailDialog@@MAEXXZ 0040dd50 f   IndustryDetailDialog.obj
 0001:0000d070       ?PreTranslateMessage@CIndustryDetailDialog@@UAEHPAUtagMSG@@@Z 0040e070 f   IndustryDetailDialog.obj
 0001:0000d0a0       ??1?$vector@MV?$allocator@M@std@@@std@@QAE@XZ 0040e0a0 f i IndustryDetailDialog.obj
 0001:0000d0d0       ?size@?$vector@MV?$allocator@M@std@@@std@@QBEIXZ 0040e0d0 f i IndustryDetailDialog.obj
 0001:0000d0f0       ?_Construct@std@@YAXPAMABM@Z 0040e0f0 f i IndustryDetailDialog.obj
 0001:0000d110       ??0CIndustryDetailDialog_Cars@@QAE@PAVCWnd@@@Z 0040e110 f   IndustryDetailDialog_Cars.obj
 0001:0000d180       ??_GCIndustryDetailDialog_Cars@@UAEPAXI@Z 0040e180 f i IndustryDetailDialog_Cars.obj
 0001:0000d180       ??_ECIndustryDetailDialog_Cars@@UAEPAXI@Z 0040e180 f i IndustryDetailDialog_Cars.obj
 0001:0000d1a0       ??1CIndustryDetailDialog_Cars@@UAE@XZ 0040e1a0 f i IndustryDetailDialog_Cars.obj
 0001:0000d200       ?DoDataExchange@CIndustryDetailDialog_Cars@@MAEXPAVCDataExchange@@@Z 0040e200 f   IndustryDetailDialog_Cars.obj
 0001:0000d230       ?_GetBaseMessageMap@CIndustryDetailDialog_Cars@@KGPBUAFX_MSGMAP@@XZ 0040e230 f   IndustryDetailDialog_Cars.obj
 0001:0000d240       ?GetMessageMap@CIndustryDetailDialog_Cars@@MBEPBUAFX_MSGMAP@@XZ 0040e240 f   IndustryDetailDialog_Cars.obj
 0001:0000d250       ?OnInitDialog@CIndustryDetailDialog_Cars@@MAEHXZ 0040e250 f   IndustryDetailDialog_Cars.obj
 0001:0000d260       ?Load@CIndustryDetailDialog_Cars@@QAEXXZ 0040e260 f   IndustryDetailDialog_Cars.obj
 0001:0000d7b0       ?OnItemchangedCarlistin@CIndustryDetailDialog_Cars@@IAEXPAUtagNMHDR@@PAJ@Z 0040e7b0 f   IndustryDetailDialog_Cars.obj
 0001:0000db40       ?OnItemchangedCarlistout@CIndustryDetailDialog_Cars@@IAEXPAUtagNMHDR@@PAJ@Z 0040eb40 f   IndustryDetailDialog_Cars.obj
 0001:0000dec0       ?OnDblclkCarlistin@CIndustryDetailDialog_Cars@@IAEXPAUtagNMHDR@@PAJ@Z 0040eec0 f   IndustryDetailDialog_Cars.obj
 0001:0000e200       ?OnDblclkCarlistout@CIndustryDetailDialog_Cars@@IAEXPAUtagNMHDR@@PAJ@Z 0040f200 f   IndustryDetailDialog_Cars.obj
 0001:0000e530       ?Save@CIndustryDetailDialog_Cars@@QAEXH@Z 0040f530 f   IndustryDetailDialog_Cars.obj
 0001:0000e890       ??0CIndustryDetailDialog_Commodities@@QAE@PAVCWnd@@@Z 0040f890 f   IndustryDetailDialog_Commodities.obj
 0001:0000e900       ??_GCIndustryDetailDialog_Commodities@@UAEPAXI@Z 0040f900 f i IndustryDetailDialog_Commodities.obj
 0001:0000e900       ??_ECIndustryDetailDialog_Commodities@@UAEPAXI@Z 0040f900 f i IndustryDetailDialog_Commodities.obj
 0001:0000e920       ??1CIndustryDetailDialog_Commodities@@UAE@XZ 0040f920 f i IndustryDetailDialog_Commodities.obj
 0001:0000e980       ?DoDataExchange@CIndustryDetailDialog_Commodities@@MAEXPAVCDataExchange@@@Z 0040f980 f   IndustryDetailDialog_Commodities.obj
 0001:0000e9b0       ?_GetBaseMessageMap@CIndustryDetailDialog_Commodities@@KGPBUAFX_MSGMAP@@XZ 0040f9b0 f   IndustryDetailDialog_Commodities.obj
 0001:0000e9c0       ?GetMessageMap@CIndustryDetailDialog_Commodities@@MBEPBUAFX_MSGMAP@@XZ 0040f9c0 f   IndustryDetailDialog_Commodities.obj
 0001:0000e9d0       ?Load@CIndustryDetailDialog_Commodities@@QAEXXZ 0040f9d0 f   IndustryDetailDialog_Commodities.obj
 0001:0000ef10       ?OnItemchangedCommoditiesinlist@CIndustryDetailDialog_Commodities@@IAEXPAUtagNMHDR@@PAJ@Z 0040ff10 f   IndustryDetailDialog_Commodities.obj
 0001:0000f220       ?OnItemchangedCommoditiesoutlist@CIndustryDetailDialog_Commodities@@IAEXPAUtagNMHDR@@PAJ@Z 00410220 f   IndustryDetailDialog_Commodities.obj
 0001:0000f530       ?OnDblclkCommoditiesinlist@CIndustryDetailDialog_Commodities@@IAEXPAUtagNMHDR@@PAJ@Z 00410530 f   IndustryDetailDialog_Commodities.obj
 0001:0000f7f0       ?OnDblclkCommoditiesoutlist@CIndustryDetailDialog_Commodities@@IAEXPAUtagNMHDR@@PAJ@Z 004107f0 f   IndustryDetailDialog_Commodities.obj
 0001:0000fab0       ?Save@CIndustryDetailDialog_Commodities@@QAEXXZ 00410ab0 f   IndustryDetailDialog_Commodities.obj
 0001:0000fde0       ??0CindustryDetailTabCtrl@@QAE@XZ 00410de0 f   industryDetailTabCtrl.obj
 0001:0000fea0       ??_GCindustryDetailTabCtrl@@UAEPAXI@Z 00410ea0 f i industryDetailTabCtrl.obj
 0001:0000fea0       ??_ECindustryDetailTabCtrl@@UAEPAXI@Z 00410ea0 f i industryDetailTabCtrl.obj
 0001:0000fec0       ??1CindustryDetailTabCtrl@@UAE@XZ 00410ec0 f   industryDetailTabCtrl.obj
 0001:0000fed0       ?_GetBaseMessageMap@CindustryDetailTabCtrl@@KGPBUAFX_MSGMAP@@XZ 00410ed0 f   industryDetailTabCtrl.obj
 0001:0000fee0       ?GetMessageMap@CindustryDetailTabCtrl@@MBEPBUAFX_MSGMAP@@XZ 00410ee0 f   industryDetailTabCtrl.obj
 0001:0000fef0       ?InitDialogs@CindustryDetailTabCtrl@@QAEXXZ 00410ef0 f   industryDetailTabCtrl.obj
 0001:0000ff40       ?OnSelchange@CindustryDetailTabCtrl@@IAEXPAUtagNMHDR@@PAJ@Z 00410f40 f   industryDetailTabCtrl.obj
 0001:0000ff60       ?ActivateTabDialogs@CindustryDetailTabCtrl@@QAEXXZ 00410f60 f   industryDetailTabCtrl.obj
 0001:00010070       ??3CObject@@SGXPAX@Z       00411070 f i industryDetailTabCtrl.obj
 0001:00010080       ??0CIndustryUsageDialog@@QAE@PAVCWnd@@@Z 00411080 f   IndustryUsageDialog.obj
 0001:000100f0       ??_ECIndustryUsageDialog@@UAEPAXI@Z 004110f0 f i IndustryUsageDialog.obj
 0001:000100f0       ??_GCIndustryUsageDialog@@UAEPAXI@Z 004110f0 f i IndustryUsageDialog.obj
 0001:00010110       ??1CIndustryUsageDialog@@UAE@XZ 00411110 f i IndustryUsageDialog.obj
 0001:00010170       ?DoDataExchange@CIndustryUsageDialog@@MAEXPAVCDataExchange@@@Z 00411170 f   IndustryUsageDialog.obj
 0001:000101a0       ?_GetBaseMessageMap@CIndustryUsageDialog@@KGPBUAFX_MSGMAP@@XZ 004111a0 f   IndustryUsageDialog.obj
 0001:000101b0       ?GetMessageMap@CIndustryUsageDialog@@MBEPBUAFX_MSGMAP@@XZ 004111b0 f   IndustryUsageDialog.obj
 0001:000101c0       ?OnInitDialog@CIndustryUsageDialog@@MAEHXZ 004111c0 f   IndustryUsageDialog.obj
 0001:000102f0       ?ReadDB@CIndustryUsageDialog@@QAEXXZ 004112f0 f   IndustryUsageDialog.obj
 0001:000105c0       ?OnOK@CIndustryUsageDialog@@MAEXXZ 004115c0 f   IndustryUsageDialog.obj
 0001:00010600       ?OnSelchangedIndustrytree@CIndustryUsageDialog@@IAEXPAUtagNMHDR@@PAJ@Z 00411600 f   IndustryUsageDialog.obj
 0001:00010670       ?GetCars@CIndustryUsageDialog@@QAEXH@Z 00411670 f   IndustryUsageDialog.obj
 0001:00010e40       ??0CLocationDetailDialog@@QAE@PAVCWnd@@@Z 00411e40 f   LocationDetailDialog.obj
 0001:00010ef0       ??_GCLocationDetailDialog@@UAEPAXI@Z 00411ef0 f i LocationDetailDialog.obj
 0001:00010ef0       ??_ECLocationDetailDialog@@UAEPAXI@Z 00411ef0 f i LocationDetailDialog.obj
 0001:00010f10       ??1CLocationDetailDialog@@UAE@XZ 00411f10 f i LocationDetailDialog.obj
 0001:00010f80       ?DoDataExchange@CLocationDetailDialog@@MAEXPAVCDataExchange@@@Z 00411f80 f   LocationDetailDialog.obj
 0001:00010fc0       ?_GetBaseMessageMap@CLocationDetailDialog@@KGPBUAFX_MSGMAP@@XZ 00411fc0 f   LocationDetailDialog.obj
 0001:00010fd0       ?GetMessageMap@CLocationDetailDialog@@MBEPBUAFX_MSGMAP@@XZ 00411fd0 f   LocationDetailDialog.obj
 0001:00010fe0       ?OnInitDialog@CLocationDetailDialog@@MAEHXZ 00411fe0 f   LocationDetailDialog.obj
 0001:00011100       ?OnChangeLocationname@CLocationDetailDialog@@IAEXXZ 00412100 f   LocationDetailDialog.obj
 0001:00011130       ?OnOK@CLocationDetailDialog@@MAEXXZ 00412130 f   LocationDetailDialog.obj
 0001:00011210       ??0CLocationDialog@@QAE@PAVCWnd@@@Z 00412210 f   LocationDialog.obj
 0001:000112a0       ??_ECLocationDialog@@UAEPAXI@Z 004122a0 f i LocationDialog.obj
 0001:000112a0       ??_GCLocationDialog@@UAEPAXI@Z 004122a0 f i LocationDialog.obj
 0001:000112c0       ??1CLocationDialog@@UAE@XZ 004122c0 f i LocationDialog.obj
 0001:00011330       ?DoDataExchange@CLocationDialog@@MAEXPAVCDataExchange@@@Z 00412330 f   LocationDialog.obj
 0001:00011370       ?_GetBaseMessageMap@CLocationDialog@@KGPBUAFX_MSGMAP@@XZ 00412370 f   LocationDialog.obj
 0001:00011380       ?GetMessageMap@CLocationDialog@@MBEPBUAFX_MSGMAP@@XZ 00412380 f   LocationDialog.obj
 0001:00011390       ?OnInitDialog@CLocationDialog@@MAEHXZ 00412390 f   LocationDialog.obj
 0001:000113e0       ?ReadDB@CLocationDialog@@IAEXXZ 004123e0 f   LocationDialog.obj
 0001:00011500       ?OnAddbutton@CLocationDialog@@IAEXXZ 00412500 f   LocationDialog.obj
 0001:000116e0       ?GetLocationName@CLocationDetailDialog@@QAE?AVCString@@XZ 004126e0 f i LocationDialog.obj
 0001:00011710       ?OnDelbutton@CLocationDialog@@IAEXXZ 00412710 f   LocationDialog.obj
 0001:000117d0       ?OnItemchangedLocationlist@CLocationDialog@@IAEXPAUtagNMHDR@@PAJ@Z 004127d0 f   LocationDialog.obj
 0001:00011840       ?OnEditbutton@CLocationDialog@@IAEXXZ 00412840 f   LocationDialog.obj
 0001:00011850       ?OnDblclkLocationlist@CLocationDialog@@IAEXPAUtagNMHDR@@PAJ@Z 00412850 f   LocationDialog.obj
 0001:00011a30       ??0CLocomotiveDetailDialog@@QAE@PAVCWnd@@@Z 00412a30 f   LocomotiveDetailDialog.obj
 0001:00011b50       ??_ECLocomotiveDetailDialog@@UAEPAXI@Z 00412b50 f i LocomotiveDetailDialog.obj
 0001:00011b50       ??_GCLocomotiveDetailDialog@@UAEPAXI@Z 00412b50 f i LocomotiveDetailDialog.obj
 0001:00011b70       ??1CLocomotiveDetailDialog@@UAE@XZ 00412b70 f i LocomotiveDetailDialog.obj
 0001:00011c10       ?DoDataExchange@CLocomotiveDetailDialog@@MAEXPAVCDataExchange@@@Z 00412c10 f   LocomotiveDetailDialog.obj
 0001:00011ce0       ?_GetBaseMessageMap@CLocomotiveDetailDialog@@KGPBUAFX_MSGMAP@@XZ 00412ce0 f   LocomotiveDetailDialog.obj
 0001:00011cf0       ?GetMessageMap@CLocomotiveDetailDialog@@MBEPBUAFX_MSGMAP@@XZ 00412cf0 f   LocomotiveDetailDialog.obj
 0001:00011d00       ?OnInitDialog@CLocomotiveDetailDialog@@MAEHXZ 00412d00 f   LocomotiveDetailDialog.obj
 0001:00011ee0       ?OnOK@CLocomotiveDetailDialog@@MAEXXZ 00412ee0 f   LocomotiveDetailDialog.obj
 0001:00012130       ?CheckButtons@CLocomotiveDetailDialog@@QAEXXZ 00413130 f   LocomotiveDetailDialog.obj
 0001:00012190       ?OnChangeCarcapacity@CLocomotiveDetailDialog@@IAEXXZ 00413190 f   LocomotiveDetailDialog.obj
 0001:000121a0       ?OnChangeDescription@CLocomotiveDetailDialog@@IAEXXZ 004131a0 f   LocomotiveDetailDialog.obj
 0001:000121b0       ?OnChangeNumber@CLocomotiveDetailDialog@@IAEXXZ 004131b0 f   LocomotiveDetailDialog.obj
 0001:000121c0       ?OnChangeRoadname@CLocomotiveDetailDialog@@IAEXXZ 004131c0 f   LocomotiveDetailDialog.obj
 0001:000121d0       ??0CLocomotiveDialog@@QAE@PAVCWnd@@@Z 004131d0 f   LocomotiveDialog.obj
 0001:00012260       ??_ECLocomotiveDialog@@UAEPAXI@Z 00413260 f i LocomotiveDialog.obj
 0001:00012260       ??_GCLocomotiveDialog@@UAEPAXI@Z 00413260 f i LocomotiveDialog.obj
 0001:00012280       ??1CLocomotiveDialog@@UAE@XZ 00413280 f i LocomotiveDialog.obj
 0001:000122f0       ?DoDataExchange@CLocomotiveDialog@@MAEXPAVCDataExchange@@@Z 004132f0 f   LocomotiveDialog.obj
 0001:00012330       ?_GetBaseMessageMap@CLocomotiveDialog@@KGPBUAFX_MSGMAP@@XZ 00413330 f   LocomotiveDialog.obj
 0001:00012340       ?GetMessageMap@CLocomotiveDialog@@MBEPBUAFX_MSGMAP@@XZ 00413340 f   LocomotiveDialog.obj
 0001:00012350       ?OnInitDialog@CLocomotiveDialog@@MAEHXZ 00413350 f   LocomotiveDialog.obj
 0001:00012450       ?ReadDB@CLocomotiveDialog@@IAEXXZ 00413450 f   LocomotiveDialog.obj
 0001:000125b0       ?OnDeletebutton@CLocomotiveDialog@@IAEXXZ 004135b0 f   LocomotiveDialog.obj
 0001:00012690       ?OnClickLocolist@CLocomotiveDialog@@IAEXPAUtagNMHDR@@PAJ@Z 00413690 f   LocomotiveDialog.obj
 0001:000126c0       ?OnEditbutton@CLocomotiveDialog@@IAEXXZ 004136c0 f   LocomotiveDialog.obj
 0001:000127e0       ?OnNewbutton@CLocomotiveDialog@@IAEXXZ 004137e0 f   LocomotiveDialog.obj
 0001:00012960       ?CreateObject@CMainFrame@@SGPAVCObject@@XZ 00413960 f   MainFrm.obj
 0001:000129c0       ?_GetBaseClass@CMainFrame@@KGPAUCRuntimeClass@@XZ 004139c0 f   MainFrm.obj
 0001:000129d0       ?GetRuntimeClass@CMainFrame@@UBEPAUCRuntimeClass@@XZ 004139d0 f   MainFrm.obj
 0001:000129e0       ?OnInitMenuPopup@CMainFrame@@IAEXPAVCMenu@@IH@Z 004139e0 f   MainFrm.obj
 0001:00012a20       ?OnMeasureItem@CMainFrame@@IAEXHPAUtagMEASUREITEMSTRUCT@@@Z 00413a20 f   MainFrm.obj
 0001:00012a30       ?OnDrawItem@CMainFrame@@IAEXHPAUtagDRAWITEMSTRUCT@@@Z 00413a30 f   MainFrm.obj
 0001:00012a60       ?OnMenuChar@CMainFrame@@IAEJIIPAVCMenu@@@Z 00413a60 f   MainFrm.obj
 0001:00012aa0       ?_GetBaseMessageMap@CMainFrame@@KGPBUAFX_MSGMAP@@XZ 00413aa0 f   MainFrm.obj
 0001:00012ab0       ?GetMessageMap@CMainFrame@@MBEPBUAFX_MSGMAP@@XZ 00413ab0 f   MainFrm.obj
 0001:00012ac0       ??0CMainFrame@@IAE@XZ      00413ac0 f   MainFrm.obj
 0001:00012b50       ??_ECMainFrame@@UAEPAXI@Z  00413b50 f i MainFrm.obj
 0001:00012b50       ??_GCMainFrame@@UAEPAXI@Z  00413b50 f i MainFrm.obj
 0001:00012b70       ??1CStatusBarXP@@UAE@XZ    00413b70 f i MainFrm.obj
 0001:00012b80       ??1CReBar@@UAE@XZ          00413b80 f i MainFrm.obj
 0001:00012b90       ??_GCStatusBarXP@@UAEPAXI@Z 00413b90 f i MainFrm.obj
 0001:00012b90       ??_ECStatusBarXP@@UAEPAXI@Z 00413b90 f i MainFrm.obj
 0001:00012bb0       ??1CMainFrame@@UAE@XZ      00413bb0 f   MainFrm.obj
 0001:00012c40       ?OnCreate@CMainFrame@@IAEHPAUtagCREATESTRUCTA@@@Z 00413c40 f   MainFrm.obj
 0001:00012d90       ?PreCreateWindow@CMainFrame@@UAEHAAUtagCREATESTRUCTA@@@Z 00413d90 f   MainFrm.obj
 0001:00012db0       ?OnAppAbout@CMainFrame@@QAEXXZ 00413db0 f   MainFrm.obj
 0001:00012ef0       ?OnFilePreferences@CMainFrame@@QAEXXZ 00413ef0 f   MainFrm.obj
 0001:00012fd0       ??1CPreferencesDialog@@UAE@XZ 00413fd0 f i MainFrm.obj
 0001:00013070       ??_DCAMSDateEdit@@QAEXXZ   00414070 f i MainFrm.obj
 0001:00013090       ??1CAMSDateEdit@@UAE@XZ    00414090 f i MainFrm.obj
 0001:000130a0       ?OnConfigureLocations@CMainFrame@@IAEXXZ 004140a0 f   MainFrm.obj
 0001:00013140       ?OnConfigureSidings@CMainFrame@@IAEXXZ 00414140 f   MainFrm.obj
 0001:00013200       ??1CSidingsDialog@@UAE@XZ  00414200 f i MainFrm.obj
 0001:00013280       ?OnConfigureIndustries@CMainFrame@@IAEXXZ 00414280 f   MainFrm.obj
 0001:00013340       ?OnConfigureCartypes@CMainFrame@@IAEXXZ 00414340 f   MainFrm.obj
 0001:00013400       ?OnConfigureCommodities@CMainFrame@@IAEXXZ 00414400 f   MainFrm.obj
 0001:00013480       ?OnConfigureCars@CMainFrame@@IAEXXZ 00414480 f   MainFrm.obj
 0001:00013550       ?OnConfigureLocomotives@CMainFrame@@IAEXXZ 00414550 f   MainFrm.obj
 0001:000135f0       ?OnConfigureCaboose@CMainFrame@@IAEXXZ 004145f0 f   MainFrm.obj
 0001:000136b0       ?OnTrains@CMainFrame@@IAEXXZ 004146b0 f   MainFrm.obj
 0001:00013770       ??1CTrainsDialog@@UAE@XZ   00414770 f i MainFrm.obj
 0001:000137f0       ?OnRuntrainsRuntrains@CMainFrame@@IAEXXZ 004147f0 f   MainFrm.obj
 0001:00013960       ??1CRunTrainsDialog@@UAE@XZ 00414960 f i MainFrm.obj
 0001:00013a70       ?OnReportsCarlocation@CMainFrame@@IAEXXZ 00414a70 f   MainFrm.obj
 0001:00013a80       ?OnReportsCarlocationreportsCarlocationsortedall@CMainFrame@@IAEXXZ 00414a80 f   MainFrm.obj
 0001:00013a90       ?OnReportsCarsnotfound@CMainFrame@@IAEXXZ 00414a90 f   MainFrm.obj
 0001:00013b20       ?OnReportsCarlocationreportsCarlocationtrains@CMainFrame@@IAEXXZ 00414b20 f   MainFrm.obj
 0001:00013bc0       ?OnConfigurePhysicallayout@CMainFrame@@IAEXXZ 00414bc0 f   MainFrm.obj
 0001:00013d30       ??1CPhysicalLayoutDialog@@UAE@XZ 00414d30 f i MainFrm.obj
 0001:00013e40       ?OnHelpTopics@CMainFrame@@IAEXXZ 00414e40 f   MainFrm.obj
 0001:00013e60       ?OnHelpRegister@CMainFrame@@IAEXXZ 00414e60 f   MainFrm.obj
 0001:00013e80       ?OnHelpSendDB@CMainFrame@@IAEXXZ 00414e80 f   MainFrm.obj
 0001:00014250       ?OnReportsEquipmentlocation@CMainFrame@@IAEXXZ 00415250 f   MainFrm.obj
 0001:000142e0       ?OnUpdateConfigureCommodities@CMainFrame@@IAEXPAVCCmdUI@@@Z 004152e0 f   MainFrm.obj
 0001:00014300       ?LoadFrame@CMainFrame@@UAEHIKPAVCWnd@@PAUCCreateContext@@@Z 00415300 f   MainFrm.obj
 0001:00014340       ?OnReportsEquipmentTracking@CMainFrame@@IAEXXZ 00415340 f   MainFrm.obj
 0001:000143d0       ?OnReportsIndustryusage@CMainFrame@@IAEXXZ 004153d0 f   MainFrm.obj
 0001:00014460       ?OnHelpReleaseNotes@CMainFrame@@IAEXXZ 00415460 f   MainFrm.obj
 0001:00014550       ?OnReportsCarsNeeded@CMainFrame@@IAEXXZ 00415550 f   MainFrm.obj
 0001:000145d0       ?OnHelpSupportOpendatadirectory@CMainFrame@@IAEXXZ 004155d0 f   MainFrm.obj
 0001:000146c0       ?OnReportsTrainBuildingForm@CMainFrame@@IAEXXZ 004156c0 f   MainFrm.obj
 0001:000146d0       ??_ECGdiObject@@UAEPAXI@Z  004156d0 f i MainFrm.obj
 0001:000146d0       ??_GCGdiObject@@UAEPAXI@Z  004156d0 f i MainFrm.obj
 0001:000146f0       ??1CGdiObject@@UAE@XZ      004156f0 f i MainFrm.obj
 0001:00014740       ??0CNewVersionDialog@@QAE@PAVCWnd@@@Z 00415740 f   NewVersionDialog.obj
 0001:00014760       ??_ECNewVersionDialog@@UAEPAXI@Z 00415760 f i NewVersionDialog.obj
 0001:00014760       ??_GCNewVersionDialog@@UAEPAXI@Z 00415760 f i NewVersionDialog.obj
 0001:00014780       ??1CNewVersionDialog@@UAE@XZ 00415780 f i NewVersionDialog.obj
 0001:00014790       ?DoDataExchange@CNewVersionDialog@@MAEXPAVCDataExchange@@@Z 00415790 f   NewVersionDialog.obj
 0001:000147a0       ?_GetBaseMessageMap@CNewVersionDialog@@KGPBUAFX_MSGMAP@@XZ 004157a0 f   NewVersionDialog.obj
 0001:000147b0       ?GetMessageMap@CNewVersionDialog@@MBEPBUAFX_MSGMAP@@XZ 004157b0 f   NewVersionDialog.obj
 0001:000147c0       ?OnViewreadmebutton@CNewVersionDialog@@IAEXXZ 004157c0 f   NewVersionDialog.obj
 0001:000147e0       ?OnCancel@CNewVersionDialog@@MAEXXZ 004157e0 f   NewVersionDialog.obj
 0001:000147f0       ?OnOK@CNewVersionDialog@@MAEXXZ 004157f0 f   NewVersionDialog.obj
 0001:00014800       ??0CPDFViewerDialog@@QAE@PAVCWnd@@@Z 00415800 f   PDFViewerDialog.obj
 0001:00014860       ??_GCPDFViewerDialog@@UAEPAXI@Z 00415860 f i PDFViewerDialog.obj
 0001:00014860       ??_ECPDFViewerDialog@@UAEPAXI@Z 00415860 f i PDFViewerDialog.obj
 0001:00014880       ??1CPDFViewerDialog@@UAE@XZ 00415880 f i PDFViewerDialog.obj
 0001:000148d0       ?DoDataExchange@CPDFViewerDialog@@MAEXPAVCDataExchange@@@Z 004158d0 f   PDFViewerDialog.obj
 0001:000148e0       ?_GetBaseMessageMap@CPDFViewerDialog@@KGPBUAFX_MSGMAP@@XZ 004158e0 f   PDFViewerDialog.obj
 0001:000148f0       ?GetMessageMap@CPDFViewerDialog@@MBEPBUAFX_MSGMAP@@XZ 004158f0 f   PDFViewerDialog.obj
 0001:00014900       ?OnClose@CPDFViewerDialog@@IAEXXZ 00415900 f   PDFViewerDialog.obj
 0001:00014910       ?_GetBaseEventSinkMap@CPDFViewerDialog@@KGPBUAFX_EVENTSINKMAP@@XZ 00415910 f   PDFViewerDialog.obj
 0001:00014920       ?GetEventSinkMap@CPDFViewerDialog@@MBEPBUAFX_EVENTSINKMAP@@XZ 00415920 f   PDFViewerDialog.obj
 0001:00014930       ?OnInitDialog@CPDFViewerDialog@@MAEHXZ 00415930 f   PDFViewerDialog.obj
 0001:000149d0       ??0CPhysicalLayoutDialog@@QAE@PAVCWnd@@@Z 004159d0 f   PhysicalLayoutDialog.obj
 0001:00014b40       ??_ECPhysicalLayoutDialog@@UAEPAXI@Z 00415b40 f i PhysicalLayoutDialog.obj
 0001:00014b40       ??_GCPhysicalLayoutDialog@@UAEPAXI@Z 00415b40 f i PhysicalLayoutDialog.obj
 0001:00014b60       ?DoDataExchange@CPhysicalLayoutDialog@@MAEXPAVCDataExchange@@@Z 00415b60 f   PhysicalLayoutDialog.obj
 0001:00014c30       ?_GetBaseMessageMap@CPhysicalLayoutDialog@@KGPBUAFX_MSGMAP@@XZ 00415c30 f   PhysicalLayoutDialog.obj
 0001:00014c40       ?GetMessageMap@CPhysicalLayoutDialog@@MBEPBUAFX_MSGMAP@@XZ 00415c40 f   PhysicalLayoutDialog.obj
 0001:00014c50       ?OnInitDialog@CPhysicalLayoutDialog@@MAEHXZ 00415c50 f   PhysicalLayoutDialog.obj
 0001:00015080       ?ReadDB@CPhysicalLayoutDialog@@QAEXXZ 00416080 f   PhysicalLayoutDialog.obj
 0001:00015900       ?OnRclickLayout@CPhysicalLayoutDialog@@IAEXPAUtagNMHDR@@PAJ@Z 00416900 f   PhysicalLayoutDialog.obj
 0001:00015c50       ?OnDblclkLayout@CPhysicalLayoutDialog@@IAEXPAUtagNMHDR@@PAJ@Z 00416c50 f   PhysicalLayoutDialog.obj
 0001:00015d30       ?OnIndustrymenuDeleteindustry@CPhysicalLayoutDialog@@IAEXXZ 00416d30 f   PhysicalLayoutDialog.obj
 0001:00015d40       ?OnIndustrymenuEditindustry@CPhysicalLayoutDialog@@IAEXXZ 00416d40 f   PhysicalLayoutDialog.obj
 0001:00015f00       ?OnIndustrymenuNewindustry@CPhysicalLayoutDialog@@IAEXXZ 00416f00 f   PhysicalLayoutDialog.obj
 0001:00016090       ?OnLocationmenuEditlocation@CPhysicalLayoutDialog@@IAEXXZ 00417090 f   PhysicalLayoutDialog.obj
 0001:00016190       ?OnLocationmenuNewlocation@CPhysicalLayoutDialog@@IAEXXZ 00417190 f   PhysicalLayoutDialog.obj
 0001:00016260       ?OnLocationnmenuDeletelocation@CPhysicalLayoutDialog@@IAEXXZ 00417260 f   PhysicalLayoutDialog.obj
 0001:00016270       ?OnSidingmenuDeletesiding@CPhysicalLayoutDialog@@IAEXXZ 00417270 f   PhysicalLayoutDialog.obj
 0001:00016280       ?OnSidingmenuEditsiding@CPhysicalLayoutDialog@@IAEXXZ 00417280 f   PhysicalLayoutDialog.obj
 0001:000163a0       ??1CSidingDetailDialog@@UAE@XZ 004173a0 f i PhysicalLayoutDialog.obj
 0001:00016430       ?OnSidingmenuNewsiding@CPhysicalLayoutDialog@@IAEXXZ 00417430 f   PhysicalLayoutDialog.obj
 0001:000165e0       ?SetSidingLocation@CSidingDetailDialog@@QAEXVCString@@@Z 004175e0 f i PhysicalLayoutDialog.obj
 0001:00016630       ?OnClickLayout@CPhysicalLayoutDialog@@IAEXPAUtagNMHDR@@PAJ@Z 00417630 f   PhysicalLayoutDialog.obj
 0001:00016830       ?OnEditindustrybutton@CPhysicalLayoutDialog@@IAEXXZ 00417830 f   PhysicalLayoutDialog.obj
 0001:00016840       ?OnEditlocationbutton@CPhysicalLayoutDialog@@IAEXXZ 00417840 f   PhysicalLayoutDialog.obj
 0001:00016850       ?OnEditsidingbutton@CPhysicalLayoutDialog@@IAEXXZ 00417850 f   PhysicalLayoutDialog.obj
 0001:00016860       ?OnNewindustrybutton@CPhysicalLayoutDialog@@IAEXXZ 00417860 f   PhysicalLayoutDialog.obj
 0001:00016870       ?OnNewlocationbutton@CPhysicalLayoutDialog@@IAEXXZ 00417870 f   PhysicalLayoutDialog.obj
 0001:00016880       ?OnNewsidingbutton@CPhysicalLayoutDialog@@IAEXXZ 00417880 f   PhysicalLayoutDialog.obj
 0001:00016890       ?OnDeleteButton@CPhysicalLayoutDialog@@IAEXXZ 00417890 f   PhysicalLayoutDialog.obj
 0001:00016a90       ?OnOK@CPhysicalLayoutDialog@@MAEXXZ 00417a90 f   PhysicalLayoutDialog.obj
 0001:00016ab0       ?OnCancel@CPhysicalLayoutDialog@@MAEXXZ 00417ab0 f   PhysicalLayoutDialog.obj
 0001:00016ad0       ?OnDownbutton@CPhysicalLayoutDialog@@IAEXXZ 00417ad0 f   PhysicalLayoutDialog.obj
 0001:00016dd0       ?OnUpbutton@CPhysicalLayoutDialog@@IAEXXZ 00417dd0 f   PhysicalLayoutDialog.obj
 0001:00017070       ?ExpandTreeItem@CPhysicalLayoutDialog@@QAEXAAVCTreeCtrl@@PAU_TREEITEM@@I@Z 00418070 f   PhysicalLayoutDialog.obj
 0001:000170e0       ?MoveTreeItem@CPhysicalLayoutDialog@@QAEPAU_TREEITEM@@AAVCTreeCtrl@@PAU2@1HP6AJABV3@1J@Z1@Z 004180e0 f   PhysicalLayoutDialog.obj
 0001:000172a0       ??_ECPhysicalLayoutDialog@@WGA@AEPAXI@Z 004182a0 f i PhysicalLayoutDialog.obj
 0001:000172b0       ??_ECPhysicalLayoutDialog@@WHM@AEPAXI@Z 004182b0 f i PhysicalLayoutDialog.obj
 0001:000172c0       ??_ECPhysicalLayoutDialog@@WMI@AEPAXI@Z 004182c0 f i PhysicalLayoutDialog.obj
 0001:000172d0       ??_ECPhysicalLayoutDialog@@WPI@AEPAXI@Z 004182d0 f i PhysicalLayoutDialog.obj
 0001:000172e0       ??_ECFont@@UAEPAXI@Z       004182e0 f i PhysicalLayoutDialog.obj
 0001:000172e0       ??_GCFont@@UAEPAXI@Z       004182e0 f i PhysicalLayoutDialog.obj
 0001:00017300       ??1CFont@@UAE@XZ           00418300 f i PhysicalLayoutDialog.obj
 0001:00017350       ??0CPreferencesDialog@@QAE@PAVCWnd@@@Z 00418350 f   PreferencesDialog.obj
 0001:00017450       ??_ECPreferencesDialog@@UAEPAXI@Z 00418450 f i PreferencesDialog.obj
 0001:00017450       ??_GCPreferencesDialog@@UAEPAXI@Z 00418450 f i PreferencesDialog.obj
 0001:00017470       ?DoDataExchange@CPreferencesDialog@@MAEXPAVCDataExchange@@@Z 00418470 f   PreferencesDialog.obj
 0001:00017550       ?_GetBaseMessageMap@CPreferencesDialog@@KGPBUAFX_MSGMAP@@XZ 00418550 f   PreferencesDialog.obj
 0001:00017560       ?GetMessageMap@CPreferencesDialog@@MBEPBUAFX_MSGMAP@@XZ 00418560 f   PreferencesDialog.obj
 0001:00017570       ?OnInitDialog@CPreferencesDialog@@MAEHXZ 00418570 f   PreferencesDialog.obj
 0001:000177e0       ?OnOK@CPreferencesDialog@@MAEXXZ 004187e0 f   PreferencesDialog.obj
 0001:000179b0       ?OnBrowse@CPreferencesDialog@@IAEXXZ 004189b0 f   PreferencesDialog.obj
 0001:00017a90       ??1CFileDialog@@UAE@XZ     00418a90 f i PreferencesDialog.obj
 0001:00017ae0       ?error_handler@@YGXKKPAX@Z 00418ae0 f   Reports.obj
 0001:00017af0       ?DoCarLocationReport@@YAXH@Z 00418af0 f   Reports.obj
 0001:000185e0       ?DoCarLocationSortedReport@@YAXH@Z 004195e0 f   Reports.obj
 0001:00018d10       ?CheckCaboose@@YAXPAXH@Z   00419d10 f   Reports.obj
 0001:00018e90       ?AllCaboose@@YAXPAX@Z      00419e90 f   Reports.obj
 0001:000190a0       ?GetSiding@@YAHH@Z         0041a0a0 f   Reports.obj
 0001:000191d0       ?PrintSwitchlist@@YAXH@Z   0041a1d0 f   Reports.obj
 0001:00019200       ?PrintRealisticSwitchlist@@YAXH@Z 0041a200 f   Reports.obj
 0001:0001b750       ?PrintSimpleSwitchlist@@YAXH@Z 0041c750 f   Reports.obj
 0001:0001ce90       ?GetTrainOrderNumber@@YAHXZ 0041de90 f   Reports.obj
 0001:0001ced0       ?GetOperator@@YA?AVCString@@ABV1@@Z 0041ded0 f   Reports.obj
 0001:0001cf80       ?PrintForm19s@@YAXH@Z      0041df80 f   Reports.obj
 0001:0001e1f0       ?PrintBadOrderCards@@YAXH@Z 0041f1f0 f   Reports.obj
 0001:0001f050       ?DoCarsNotFoundReport@@YAXHH@Z 00420050 f   Reports.obj
 0001:0001f060       ?GetWorkDirectory@@YA?AVCString@@XZ 00420060 f   Reports.obj
 0001:0001f140       ?Watermark@@YAXPAX0@Z      00420140 f   Reports.obj
 0001:0001f150       ?ShowPDF@@YAXPAD@Z         00420150 f   Reports.obj
 0001:0001f170       ?DoTrainBuildingForm@@YAXXZ 00420170 f   Reports.obj
 0001:0001f640       ??1?$vector@VCCar@@V?$allocator@VCCar@@@std@@@std@@QAE@XZ 00420640 f i Reports.obj
 0001:0001f670       ?size@?$vector@VCCar@@V?$allocator@VCCar@@@std@@@std@@QBEIXZ 00420670 f i Reports.obj
 0001:0001f6a0       ?_Destroy@?$vector@VCCar@@V?$allocator@VCCar@@@std@@@std@@IAEXPAVCCar@@0@Z 004206a0 f i Reports.obj
 0001:0001f6b0       ?insert@?$vector@VCCar@@V?$allocator@VCCar@@@std@@@std@@QAEXPAVCCar@@IABV3@@Z 004206b0 f i Reports.obj
 0001:0001f9b0       ?_Ucopy@?$vector@VCCar@@V?$allocator@VCCar@@@std@@@std@@IAEPAVCCar@@PBV3@0PAV3@@Z 004209b0 f i Reports.obj
 0001:0001f9f0       ?_Ufill@?$vector@VCCar@@V?$allocator@VCCar@@@std@@@std@@IAEXPAVCCar@@IABV3@@Z 004209f0 f i Reports.obj
 0001:0001fa20       ??1?$CArray@HH@@UAE@XZ     00420a20 f i Reports.obj
 0001:0001fa50       ?Serialize@?$CArray@HH@@UAEXAAVCArchive@@@Z 00420a50 f i Reports.obj
 0001:0001fbe0       ?GetAt@?$CArray@VCString@@V1@@@QBE?AVCString@@H@Z 00420be0 f i Reports.obj
 0001:0001fc10       ?Add@?$CArray@VCString@@V1@@@QAEHVCString@@@Z 00420c10 f i Reports.obj
 0001:0001fc80       ??1?$CArray@VCString@@V1@@@UAE@XZ 00420c80 f i Reports.obj
 0001:0001fce0       ?Serialize@?$CArray@VCString@@V1@@@UAEXAAVCArchive@@@Z 00420ce0 f i Reports.obj
 0001:0001fe60       ??_E?$CArray@HH@@UAEPAXI@Z 00420e60 f i Reports.obj
 0001:0001fe60       ??_G?$CArray@HH@@UAEPAXI@Z 00420e60 f i Reports.obj
 0001:0001fe80       ??_E?$CArray@VCString@@V1@@@UAEPAXI@Z 00420e80 f i Reports.obj
 0001:0001fe80       ??_G?$CArray@VCString@@V1@@@UAEPAXI@Z 00420e80 f i Reports.obj
 0001:0001fea0       ?SetSize@?$CArray@HH@@QAEXHH@Z 00420ea0 f i Reports.obj
 0001:0001ffe0       ?SetAtGrow@?$CArray@VCString@@V1@@@QAEXHVCString@@@Z 00420fe0 f i Reports.obj
 0001:00020210       ??0CRunTrainsDialog@@QAE@PAVCWnd@@@Z 00421210 f   RunTrainsDialog.obj
 0001:00020330       ??_ECRunTrainsDialog@@UAEPAXI@Z 00421330 f i RunTrainsDialog.obj
 0001:00020330       ??_GCRunTrainsDialog@@UAEPAXI@Z 00421330 f i RunTrainsDialog.obj
 0001:00020350       ?DoDataExchange@CRunTrainsDialog@@MAEXPAVCDataExchange@@@Z 00421350 f   RunTrainsDialog.obj
 0001:000203f0       ?_GetBaseMessageMap@CRunTrainsDialog@@KGPBUAFX_MSGMAP@@XZ 004213f0 f   RunTrainsDialog.obj
 0001:00020400       ?GetMessageMap@CRunTrainsDialog@@MBEPBUAFX_MSGMAP@@XZ 00421400 f   RunTrainsDialog.obj
 0001:00020410       ?OnInitDialog@CRunTrainsDialog@@MAEHXZ 00421410 f   RunTrainsDialog.obj
 0001:00020760       ?ReadDB@CRunTrainsDialog@@IAEXXZ 00421760 f   RunTrainsDialog.obj
 0001:00020bb0       ?OnRuntrainbutton@CRunTrainsDialog@@IAEXXZ 00421bb0 f   RunTrainsDialog.obj
 0001:00020bd0       ?BuildByCars@CRunTrainsDialog@@IAEXXZ 00421bd0 f   RunTrainsDialog.obj
 0001:00021aa0       ?TRACE@@YAXPBDZZ           00422aa0 f i RunTrainsDialog.obj
 0001:00021af0       ?BuildByCommodities@CRunTrainsDialog@@IAEXXZ 00422af0 f   RunTrainsDialog.obj
 0001:00021b00       ?ValidateTrain@CRunTrainsDialog@@IAEXH@Z 00422b00 f   RunTrainsDialog.obj
 0001:000222a0       ?GetTrainNotes@CTrainDetailDialog@@QAE?AVCString@@XZ 004232a0 f i RunTrainsDialog.obj
 0001:000222d0       ??1CTrainDetailDialog@@UAE@XZ 004232d0 f i RunTrainsDialog.obj
 0001:000223b0       ??1CAMSAlphanumericEdit@@UAE@XZ 004233b0 f i RunTrainsDialog.obj
 0001:00022420       ??1AlphanumericBehavior@CAMSEdit@@UAE@XZ 00423420 f i RunTrainsDialog.obj
 0001:00022470       ?GetCarType@CRunTrainsDialog@@IAE?AVCString@@H@Z 00423470 f   RunTrainsDialog.obj
 0001:00022580       ?GetFirstTrainLocation@CRunTrainsDialog@@IAEHH@Z 00423580 f   RunTrainsDialog.obj
 0001:00022650       ?GetLastTrainLocation@CRunTrainsDialog@@IAEHH@Z 00423650 f   RunTrainsDialog.obj
 0001:00022720       ?NeedThisCar@CRunTrainsDialog@@IAEHHH@Z 00423720 f   RunTrainsDialog.obj
 0001:00022820       ?CarReadyForPickup@CRunTrainsDialog@@IAEHH@Z 00423820 f   RunTrainsDialog.obj
 0001:00022900       ?NeedThisCommodity@CRunTrainsDialog@@IAEHHH@Z 00423900 f   RunTrainsDialog.obj
 0001:00022910       ?GetCarQuantity@CRunTrainsDialog@@IAEHHHH@Z 00423910 f   RunTrainsDialog.obj
 0001:00022960       ?GetCarFromOffLayout@CRunTrainsDialog@@IAEPAVCFoundCar@@HHH@Z 00423960 f   RunTrainsDialog.obj
 0001:00022c50       ?GetScheduledCars@CRunTrainsDialog@@IAE?AVCString@@XZ 00423c50 f   RunTrainsDialog.obj
 0001:00022ee0       ?GetInterchangeSiding@CRunTrainsDialog@@IAEHHHHPAH0@Z 00423ee0 f   RunTrainsDialog.obj
 0001:00023170       ?GetEmptyCar@CRunTrainsDialog@@IAEPAVCFoundCar@@HHH@Z 00424170 f   RunTrainsDialog.obj
 0001:000236a0       ?GetLoadedCar@CRunTrainsDialog@@IAEPAVCFoundCar@@HHH@Z 004246a0 f   RunTrainsDialog.obj
 0001:00023950       ?GetFirstYardSiding@CRunTrainsDialog@@IAEHHH@Z 00424950 f   RunTrainsDialog.obj
 0001:00023b40       ?GetYardSiding@CRunTrainsDialog@@IAE_NHHPAH0@Z 00424b40 f   RunTrainsDialog.obj
 0001:00023d20       ?GetYardSidingForEmpties@CRunTrainsDialog@@IAE_NHHPAH0@Z 00424d20 f   RunTrainsDialog.obj
 0001:00023ea0       ?AnyYardSidings@CRunTrainsDialog@@IAE_NXZ 00424ea0 f   RunTrainsDialog.obj
 0001:00023f50       ?CarOnTrain@CRunTrainsDialog@@IAEHH@Z 00424f50 f   RunTrainsDialog.obj
 0001:00024010       ?SwitchingSiding@CRunTrainsDialog@@IAE_NHH@Z 00425010 f   RunTrainsDialog.obj
 0001:00024140       ?CarHasReturnTo@CRunTrainsDialog@@IAE_NHPAH0@Z 00425140 f   RunTrainsDialog.obj
 0001:00024290       ?LocationOnRoute@CRunTrainsDialog@@IAE_NHHH@Z 00425290 f   RunTrainsDialog.obj
 0001:000243a0       ?OnItemchangedTrainlist@CRunTrainsDialog@@IAEXPAUtagNMHDR@@PAJ@Z 004253a0 f   RunTrainsDialog.obj
 0001:000243c0       ?CheckButtons@CRunTrainsDialog@@IAEXXZ 004253c0 f   RunTrainsDialog.obj
 0001:00024480       ?OnItemchangedLocolist@CRunTrainsDialog@@IAEXPAUtagNMHDR@@PAJ@Z 00425480 f   RunTrainsDialog.obj
 0001:000244d0       ?OnItemchangedRunningtrainslist@CRunTrainsDialog@@IAEXPAUtagNMHDR@@PAJ@Z 004254d0 f   RunTrainsDialog.obj
 0001:000244f0       ?OnDeletebutton@CRunTrainsDialog@@IAEXXZ 004254f0 f   RunTrainsDialog.obj
 0001:00024690       ?OnTerminatebutton@CRunTrainsDialog@@IAEXXZ 00425690 f   RunTrainsDialog.obj
 0001:00024790       ??1CTerminateTrainDialog@@UAE@XZ 00425790 f i RunTrainsDialog.obj
 0001:000247f0       ?OnAdvance@CRunTrainsDialog@@IAEXXZ 004257f0 f   RunTrainsDialog.obj
 0001:00024960       ?AdvanceTheDate@CRunTrainsDialog@@IAEXXZ 00425960 f   RunTrainsDialog.obj
 0001:00025030       ?OnItemchangingTrainlist@CRunTrainsDialog@@IAEXPAUtagNMHDR@@PAJ@Z 00426030 f   RunTrainsDialog.obj
 0001:000251b0       ?OnItemchangedCabooselist@CRunTrainsDialog@@IAEXPAUtagNMHDR@@PAJ@Z 004261b0 f   RunTrainsDialog.obj
 0001:00025200       ?DestroyWindow@CRunTrainsDialog@@UAEHXZ 00426200 f   RunTrainsDialog.obj
 0001:00025210       ?GetTrainFK@CRunTrainsDialog@@IAEHH@Z 00426210 f   RunTrainsDialog.obj
 0001:00025300       ?OnTrainDetailButton@CRunTrainsDialog@@IAEXXZ 00426300 f   RunTrainsDialog.obj
 0001:00025850       ?OnForms@CRunTrainsDialog@@IAEXXZ 00426850 f   RunTrainsDialog.obj
 0001:00025980       ?OnSwitchlist@CRunTrainsDialog@@IAEXXZ 00426980 f   RunTrainsDialog.obj
 0001:000259e0       ?OnForm19@CRunTrainsDialog@@IAEXXZ 004269e0 f   RunTrainsDialog.obj
 0001:00025a40       ?OnBadOrder@CRunTrainsDialog@@IAEXXZ 00426a40 f   RunTrainsDialog.obj
 0001:00025b70       ?OnOK@CRunTrainsDialog@@MAEXXZ 00426b70 f   RunTrainsDialog.obj
 0001:00025ba0       ?OnReports@CRunTrainsDialog@@IAEXXZ 00426ba0 f   RunTrainsDialog.obj
 0001:00025c30       ??1CScheduledTrainsReportsDialog@@UAE@XZ 00426c30 f i RunTrainsDialog.obj
 0001:00025c90       ?OnRecalc@CRunTrainsDialog@@IAEXXZ 00426c90 f   RunTrainsDialog.obj
 0001:000261d0       ?copy@std@@YAPAVCCar@@PAV2@00@Z 004271d0 f i RunTrainsDialog.obj
 0001:00026210       ??0CScheduledTrainsReportsDialog@@QAE@PAVCWnd@@@Z 00427210 f   ScheduledTrainsReportsDialog.obj
 0001:00026290       ??_GCScheduledTrainsReportsDialog@@UAEPAXI@Z 00427290 f i ScheduledTrainsReportsDialog.obj
 0001:00026290       ??_ECScheduledTrainsReportsDialog@@UAEPAXI@Z 00427290 f i ScheduledTrainsReportsDialog.obj
 0001:000262b0       ?DoDataExchange@CScheduledTrainsReportsDialog@@MAEXPAVCDataExchange@@@Z 004272b0 f   ScheduledTrainsReportsDialog.obj
 0001:000262e0       ?_GetBaseMessageMap@CScheduledTrainsReportsDialog@@KGPBUAFX_MSGMAP@@XZ 004272e0 f   ScheduledTrainsReportsDialog.obj
 0001:000262f0       ?GetMessageMap@CScheduledTrainsReportsDialog@@MBEPBUAFX_MSGMAP@@XZ 004272f0 f   ScheduledTrainsReportsDialog.obj
 0001:00026300       ?OnInitDialog@CScheduledTrainsReportsDialog@@MAEHXZ 00427300 f   ScheduledTrainsReportsDialog.obj
 0001:000265f0       ?OnPrint@CScheduledTrainsReportsDialog@@IAEXXZ 004275f0 f   ScheduledTrainsReportsDialog.obj
 0001:00026730       ?OnClickTrainsTree@CScheduledTrainsReportsDialog@@IAEXPAUtagNMHDR@@PAJ@Z 00427730 f   ScheduledTrainsReportsDialog.obj
 0001:000267c0       ?OnCheckStateChanged@CScheduledTrainsReportsDialog@@IAEJIJ@Z 004277c0 f   ScheduledTrainsReportsDialog.obj
 0001:000268b0       ??0CSidingDetailDialog@@QAE@PAVCWnd@@@Z 004278b0 f   SidingDetailDialog.obj
 0001:000269b0       ??_ECSidingDetailDialog@@UAEPAXI@Z 004279b0 f i SidingDetailDialog.obj
 0001:000269b0       ??_GCSidingDetailDialog@@UAEPAXI@Z 004279b0 f i SidingDetailDialog.obj
 0001:000269d0       ?DoDataExchange@CSidingDetailDialog@@MAEXPAVCDataExchange@@@Z 004279d0 f   SidingDetailDialog.obj
 0001:00026a70       ?_GetBaseMessageMap@CSidingDetailDialog@@KGPBUAFX_MSGMAP@@XZ 00427a70 f   SidingDetailDialog.obj
 0001:00026a80       ?GetMessageMap@CSidingDetailDialog@@MBEPBUAFX_MSGMAP@@XZ 00427a80 f   SidingDetailDialog.obj
 0001:00026a90       ?OnInitDialog@CSidingDetailDialog@@MAEHXZ 00427a90 f   SidingDetailDialog.obj
 0001:00026da0       ?SetSidingID@CSidingDetailDialog@@QAEXH@Z 00427da0 f   SidingDetailDialog.obj
 0001:00026db0       ?SetSidingDefault@CSidingDetailDialog@@QAEXXZ 00427db0 f   SidingDetailDialog.obj
 0001:00026dc0       ?OnOK@CSidingDetailDialog@@MAEXXZ 00427dc0 f   SidingDetailDialog.obj
 0001:00026f70       ??0CSidingsDialog@@QAE@PAVCWnd@@@Z 00427f70 f   SidingsDialog.obj
 0001:00027020       ??_ECSidingsDialog@@UAEPAXI@Z 00428020 f i SidingsDialog.obj
 0001:00027020       ??_GCSidingsDialog@@UAEPAXI@Z 00428020 f i SidingsDialog.obj
 0001:00027040       ?DoDataExchange@CSidingsDialog@@MAEXPAVCDataExchange@@@Z 00428040 f   SidingsDialog.obj
 0001:000270a0       ?_GetBaseMessageMap@CSidingsDialog@@KGPBUAFX_MSGMAP@@XZ 004280a0 f   SidingsDialog.obj
 0001:000270b0       ?GetMessageMap@CSidingsDialog@@MBEPBUAFX_MSGMAP@@XZ 004280b0 f   SidingsDialog.obj
 0001:000270c0       ?OnInitDialog@CSidingsDialog@@MAEHXZ 004280c0 f   SidingsDialog.obj
 0001:000270e0       ?ReadDB@CSidingsDialog@@IAEXXZ 004280e0 f   SidingsDialog.obj
 0001:00027390       ?OnAddbutton@CSidingsDialog@@IAEXXZ 00428390 f   SidingsDialog.obj
 0001:00027640       ?GetSidingLocation@CSidingDetailDialog@@QAE?AVCString@@XZ 00428640 f i SidingsDialog.obj
 0001:00027670       ?OnEditbutton@CSidingsDialog@@IAEXXZ 00428670 f   SidingsDialog.obj
 0001:00027800       ?OnDeletebutton@CSidingsDialog@@IAEXXZ 00428800 f   SidingsDialog.obj
 0001:000278f0       ?OnOK@CSidingsDialog@@MAEXXZ 004288f0 f   SidingsDialog.obj
 0001:00027910       ?OnSelchangedSidingstree@CSidingsDialog@@IAEXPAUtagNMHDR@@PAJ@Z 00428910 f   SidingsDialog.obj
 0001:00027a10       ?OnDblclkSidingstree@CSidingsDialog@@IAEXPAUtagNMHDR@@PAJ@Z 00428a10 f   SidingsDialog.obj
 0001:00027a30       ?OnTimer@CSidingsDialog@@IAEXI@Z 00428a30 f   SidingsDialog.obj
 0001:00027b60       ?FileExists@@YA_NPBD@Z     00428b60 f   StdAfx.obj
 0001:00027b80       ??0CTerminateNewLocationDialog@@QAE@PAVCWnd@@@Z 00428b80 f   TerminateNewLocationDialog.obj
 0001:00027c80       ??_GCTerminateNewLocationDialog@@UAEPAXI@Z 00428c80 f i TerminateNewLocationDialog.obj
 0001:00027c80       ??_ECTerminateNewLocationDialog@@UAEPAXI@Z 00428c80 f i TerminateNewLocationDialog.obj
 0001:00027ca0       ??1CTerminateNewLocationDialog@@UAE@XZ 00428ca0 f i TerminateNewLocationDialog.obj
 0001:00027d40       ?DoDataExchange@CTerminateNewLocationDialog@@MAEXPAVCDataExchange@@@Z 00428d40 f   TerminateNewLocationDialog.obj
 0001:00027dc0       ?_GetBaseMessageMap@CTerminateNewLocationDialog@@KGPBUAFX_MSGMAP@@XZ 00428dc0 f   TerminateNewLocationDialog.obj
 0001:00027dd0       ?GetMessageMap@CTerminateNewLocationDialog@@MBEPBUAFX_MSGMAP@@XZ 00428dd0 f   TerminateNewLocationDialog.obj
 0001:00027de0       ?OnInitDialog@CTerminateNewLocationDialog@@MAEHXZ 00428de0 f   TerminateNewLocationDialog.obj
 0001:00027ed0       ?OnSelchangeLocationlist@CTerminateNewLocationDialog@@IAEXXZ 00428ed0 f   TerminateNewLocationDialog.obj
 0001:00028140       ?OnOK@CTerminateNewLocationDialog@@MAEXXZ 00429140 f   TerminateNewLocationDialog.obj
 0001:000281d0       ?OnSelchangeIndustrylist@CTerminateNewLocationDialog@@IAEXXZ 004291d0 f   TerminateNewLocationDialog.obj
 0001:000281f0       ?OnSelchangeSidinglist@CTerminateNewLocationDialog@@IAEXXZ 004291f0 f   TerminateNewLocationDialog.obj
 0001:000282a0       ??0CTerminateTrainDialog@@QAE@PAVCWnd@@@Z 004292a0 f   TerminateTrainDialog.obj
 0001:00028350       ??_GCTerminateTrainDialog@@UAEPAXI@Z 00429350 f i TerminateTrainDialog.obj
 0001:00028350       ??_ECTerminateTrainDialog@@UAEPAXI@Z 00429350 f i TerminateTrainDialog.obj
 0001:00028370       ?DoDataExchange@CTerminateTrainDialog@@MAEXPAVCDataExchange@@@Z 00429370 f   TerminateTrainDialog.obj
 0001:000283b0       ?_GetBaseMessageMap@CTerminateTrainDialog@@KGPBUAFX_MSGMAP@@XZ 004293b0 f   TerminateTrainDialog.obj
 0001:000283c0       ?GetMessageMap@CTerminateTrainDialog@@MBEPBUAFX_MSGMAP@@XZ 004293c0 f   TerminateTrainDialog.obj
 0001:000283d0       ?OnInitDialog@CTerminateTrainDialog@@MAEHXZ 004293d0 f   TerminateTrainDialog.obj
 0001:00028be0       ?OnOK@CTerminateTrainDialog@@MAEXXZ 00429be0 f   TerminateTrainDialog.obj
 0001:00028f30       ?OnRclickTrainlist@CTerminateTrainDialog@@IAEXPAUtagNMHDR@@PAJ@Z 00429f30 f   TerminateTrainDialog.obj
 0001:00029180       ?OnCancel@CTerminateTrainDialog@@MAEXXZ 0042a180 f   TerminateTrainDialog.obj
 0001:000291b0       ?OnClose@CTerminateTrainDialog@@IAEXXZ 0042a1b0 f   TerminateTrainDialog.obj
 0001:000291e0       ??_ECTerminateTrainDialog@@WGA@AEPAXI@Z 0042a1e0 f i TerminateTrainDialog.obj
 0001:000291f0       ??_ECTerminateTrainDialog@@WHM@AEPAXI@Z 0042a1f0 f i TerminateTrainDialog.obj
 0001:00029200       ??_ECTerminateTrainDialog@@WMI@AEPAXI@Z 0042a200 f i TerminateTrainDialog.obj
 0001:00029210       ??_ECTerminateTrainDialog@@WPI@AEPAXI@Z 0042a210 f i TerminateTrainDialog.obj
 0001:00029220       ??0CTrainDetailDialog@@QAE@PAVCWnd@@@Z 0042a220 f   TrainDetailDialog.obj
 0001:00029350       ??_GCTrainDetailDialog@@UAEPAXI@Z 0042a350 f i TrainDetailDialog.obj
 0001:00029350       ??_ECTrainDetailDialog@@UAEPAXI@Z 0042a350 f i TrainDetailDialog.obj
 0001:00029370       ?DoDataExchange@CTrainDetailDialog@@MAEXPAVCDataExchange@@@Z 0042a370 f   TrainDetailDialog.obj
 0001:00029410       ?_GetBaseMessageMap@CTrainDetailDialog@@KGPBUAFX_MSGMAP@@XZ 0042a410 f   TrainDetailDialog.obj
 0001:00029420       ?GetMessageMap@CTrainDetailDialog@@MBEPBUAFX_MSGMAP@@XZ 0042a420 f   TrainDetailDialog.obj
 0001:00029430       ?OnInitDialog@CTrainDetailDialog@@MAEHXZ 0042a430 f   TrainDetailDialog.obj
 0001:0002af20       ?GetSiding@CTrainDetailDialog@@QAEHH@Z 0042bf20 f   TrainDetailDialog.obj
 0001:0002b050       ?OnClickTraindetail@CTrainDetailDialog@@IAEXPAUtagNMHDR@@PAJ@Z 0042c050 f   TrainDetailDialog.obj
 0001:0002b0e0       ?OnCheckStateChanged@CTrainDetailDialog@@IAEJIJ@Z 0042c0e0 f   TrainDetailDialog.obj
 0001:0002b7b0       ?GetLastLocation@CTrainDetailDialog@@QAEPAU_TREEITEM@@XZ 0042c7b0 f   TrainDetailDialog.obj
 0001:0002b880       ?GetSelectedLocoCapacity@CTrainDetailDialog@@IAEHXZ 0042c880 f   TrainDetailDialog.obj
 0001:0002b990       ?GetMaxMoves@CTrainDetailDialog@@QAEHH@Z 0042c990 f   TrainDetailDialog.obj
 0001:0002ba60       ?ValidateTrain@CTrainDetailDialog@@IAEXXZ 0042ca60 f   TrainDetailDialog.obj
 0001:0002bf30       ?OnCancel@CTrainDetailDialog@@MAEXXZ 0042cf30 f   TrainDetailDialog.obj
 0001:0002bf50       ?OnOK@CTrainDetailDialog@@MAEXXZ 0042cf50 f   TrainDetailDialog.obj
 0001:0002c120       ?CleanupTree@CTrainDetailDialog@@QAEXXZ 0042d120 f   TrainDetailDialog.obj
 0001:0002c210       ??1node_data@@QAE@XZ       0042d210 f i TrainDetailDialog.obj
 0001:0002c250       ?GetLocomotive@CTrainDetailDialog@@QAEHXZ 0042d250 f   TrainDetailDialog.obj
 0001:0002c260       ?GetCaboose@CTrainDetailDialog@@QAEHXZ 0042d260 f   TrainDetailDialog.obj
 0001:0002c270       ?GetIndustrySidingCapacity@CTrainDetailDialog@@QAEHH@Z 0042d270 f   TrainDetailDialog.obj
 0001:0002c340       ?GetSidingCapacity@CTrainDetailDialog@@QAEHH@Z 0042d340 f   TrainDetailDialog.obj
 0001:0002c360       ?OnIgnorerestrictions@CTrainDetailDialog@@IAEXXZ 0042d360 f   TrainDetailDialog.obj
 0001:0002c370       ?OnSelChangeLocomotiveList@CTrainDetailDialog@@IAEXXZ 0042d370 f   TrainDetailDialog.obj
 0001:0002c400       ?CrashCallback@@YGHPAX@Z   0042d400 f   TrainOps.obj
 0001:0002c560       ?_GetBaseMessageMap@CTrainOpsApp@@KGPBUAFX_MSGMAP@@XZ 0042d560 f   TrainOps.obj
 0001:0002c570       ?GetMessageMap@CTrainOpsApp@@MBEPBUAFX_MSGMAP@@XZ 0042d570 f   TrainOps.obj
 0001:0002c580       ??0CTrainOpsApp@@QAE@XZ    0042d580 f   TrainOps.obj
 0001:0002c5f0       ??_ECTrainOpsApp@@UAEPAXI@Z 0042d5f0 f i TrainOps.obj
 0001:0002c5f0       ??_GCTrainOpsApp@@UAEPAXI@Z 0042d5f0 f i TrainOps.obj
 0001:0002c610       ??1CTrainOpsApp@@UAE@XZ    0042d610 f   TrainOps.obj
 0001:0002c6d0       ?InitInstance@CTrainOpsApp@@UAEHXZ 0042d6d0 f   TrainOps.obj
 0001:0002cc50       ?SetTitle@CTrainOpsApp@@QAEXXZ 0042dc50 f   TrainOps.obj
 0001:0002cd70       ?OpenDatabase@CTrainOpsApp@@QAEXXZ 0042dd70 f   TrainOps.obj
 0001:0002cec0       ?CloseDatabase@CTrainOpsApp@@QAEXXZ 0042dec0 f   TrainOps.obj
 0001:0002ced0       ?StartupProcessing@CTrainOpsApp@@QAEHXZ 0042ded0 f   TrainOps.obj
 0001:0002cf60       ?GetProgramPath@CTrainOpsApp@@IAE?AVCString@@XZ 0042df60 f   TrainOps.obj
 0001:0002d050       ?RunCommands@CTrainOpsApp@@QAEXPAVCppSQLite3DB@@@Z 0042e050 f   TrainOps.obj
 0001:0002d410       ?CheckTables@CTrainOpsApp@@QAEXPAVCppSQLite3DB@@@Z 0042e410 f   TrainOps.obj
 0001:0002d670       ?CreateTable@CTrainOpsApp@@QAEXVCString@@PAVCppSQLite3DB@@@Z 0042e670 f   TrainOps.obj
 0001:0002dba0       ?UpdateTable@CTrainOpsApp@@QAEXVCString@@PAVCppSQLite3DB@@@Z 0042eba0 f   TrainOps.obj
 0001:0002e190       ?FillCarTypesData@CTrainOpsApp@@QAEXPAVCppSQLite3DB@@@Z 0042f190 f   TrainOps.obj
 0001:0002e250       ?VerifyLocationTablesData@CTrainOpsApp@@QAEXPAVCppSQLite3DB@@@Z 0042f250 f   TrainOps.obj
 0001:0002e260       ?VerifySidingTablesData@CTrainOpsApp@@QAEXPAVCppSQLite3DB@@@Z 0042f260 f   TrainOps.obj
 0001:0002e410       ?VerifyIndustryTablesData@CTrainOpsApp@@QAEXPAVCppSQLite3DB@@@Z 0042f410 f   TrainOps.obj
 0001:0002e6b0       ?VerifyCarTablesData@CTrainOpsApp@@QAEXPAVCppSQLite3DB@@@Z 0042f6b0 f   TrainOps.obj
 0001:0002ec80       ?VerifyConfigData@CTrainOpsApp@@QAEXPAVCppSQLite3DB@@@Z 0042fc80 f   TrainOps.obj
 0001:0002ed40       ?SetupConfig@CTrainOpsApp@@QAEXPAVCppSQLite3DB@@@Z 0042fd40 f   TrainOps.obj
 0001:0002ed60       ?GetDate@CTrainOpsApp@@QAEHXZ 0042fd60 f   TrainOps.obj
 0001:0002ede0       ?GetDateString@CTrainOpsApp@@QAE?AVCString@@XZ 0042fde0 f   TrainOps.obj
 0001:0002eed0       ?ExitInstance@CTrainOpsApp@@UAEHXZ 0042fed0 f   TrainOps.obj
 0001:0002eef0       ?VersionCheck@CTrainOpsApp@@QAEXXZ 0042fef0 f   TrainOps.obj
 0001:0002f150       ?WinHelpA@CTrainOpsApp@@UAEXKI@Z 00430150 f   TrainOps.obj
 0001:0002f2c0       ?GetIndustryRatios@CTrainOpsApp@@QAE?AVCString@@HHPAH@Z 004302c0 f   TrainOps.obj
 0001:0002f650       ??0?$vector@PAU_tagXMLNode@@V?$allocator@PAU_tagXMLNode@@@std@@@std@@QAE@ABV?$allocator@PAU_tagXMLNode@@@1@@Z 00430650 f i TrainOps.obj
 0001:0002f670       ??1?$vector@PAU_tagXMLNode@@V?$allocator@PAU_tagXMLNode@@@std@@@std@@QAE@XZ 00430670 f i TrainOps.obj
 0001:0002f6a0       ?size@?$vector@PAU_tagXMLNode@@V?$allocator@PAU_tagXMLNode@@@std@@@std@@QBEIXZ 004306a0 f i TrainOps.obj
 0001:0002f6c0       ??0?$vector@PAU_tagXMLAttr@@V?$allocator@PAU_tagXMLAttr@@@std@@@std@@QAE@ABV?$allocator@PAU_tagXMLAttr@@@1@@Z 004306c0 f i TrainOps.obj
 0001:0002f6e0       ?capacity@?$vector@PAU_tagXMLNode@@V?$allocator@PAU_tagXMLNode@@@std@@@std@@QBEIXZ 004306e0 f i TrainOps.obj
 0001:0002f700       ?_Destroy@?$vector@PAU_tagXMLNode@@V?$allocator@PAU_tagXMLNode@@@std@@@std@@IAEXPAPAU_tagXMLNode@@0@Z 00430700 f i TrainOps.obj
 0001:0002f710       ?_Ucopy@?$vector@PAU_tagXMLNode@@V?$allocator@PAU_tagXMLNode@@@std@@@std@@IAEPAPAU_tagXMLNode@@PBQAU3@0PAPAU3@@Z 00430710 f i TrainOps.obj
 0001:0002f740       ?copy@std@@YAPAPAU_tagXMLNode@@PBQAU2@0PAPAU2@@Z 00430740 f i TrainOps.obj
 0001:0002f770       ?CreateObject@CTrainOpsDoc@@SGPAVCObject@@XZ 00430770 f   TrainOpsDoc.obj
 0001:0002f7d0       ?_GetBaseClass@CTrainOpsDoc@@KGPAUCRuntimeClass@@XZ 004307d0 f   TrainOpsDoc.obj
 0001:0002f7e0       ?GetRuntimeClass@CTrainOpsDoc@@UBEPAUCRuntimeClass@@XZ 004307e0 f   TrainOpsDoc.obj
 0001:0002f7f0       ?_GetBaseMessageMap@CTrainOpsDoc@@KGPBUAFX_MSGMAP@@XZ 004307f0 f   TrainOpsDoc.obj
 0001:0002f800       ?GetMessageMap@CTrainOpsDoc@@MBEPBUAFX_MSGMAP@@XZ 00430800 f   TrainOpsDoc.obj
 0001:0002f810       ??0CTrainOpsDoc@@IAE@XZ    00430810 f   TrainOpsDoc.obj
 0001:0002f830       ??_ECTrainOpsDoc@@UAEPAXI@Z 00430830 f i TrainOpsDoc.obj
 0001:0002f830       ??_GCTrainOpsDoc@@UAEPAXI@Z 00430830 f i TrainOpsDoc.obj
 0001:0002f850       ??1CTrainOpsDoc@@UAE@XZ    00430850 f   TrainOpsDoc.obj
 0001:0002f860       ?OnNewDocument@CTrainOpsDoc@@UAEHXZ 00430860 f   TrainOpsDoc.obj
 0001:0002f890       ?Serialize@CTrainOpsDoc@@UAEXAAVCArchive@@@Z 00430890 f   TrainOpsDoc.obj
 0001:0002f8a0       ?IsModified@CDocument@@UAEHXZ 004308a0 f i TrainOpsDoc.obj
[...]
 0003:0000bd60       ??_C@_04PIJO@July?$AA@     00499d60     SimpleDate.obj
 0003:0000bd68       ??_C@_04ICFP@June?$AA@     00499d68     SimpleDate.obj
 0003:0000bd70       ??_C@_05JFGC@April?$AA@    00499d70     SimpleDate.obj
 0003:0000bd78       ??_C@_05FGPD@March?$AA@    00499d78     SimpleDate.obj
 0003:0000bd80       ??_C@_08PGBA@February?$AA@ 00499d80     SimpleDate.obj
 0003:0000bd8c       ??_C@_07BPKJ@January?$AA@  00499d8c     SimpleDate.obj
 0003:0000bd94       ??_C@_03PGJO@Dec?$AA@      00499d94     SimpleDate.obj
 0003:0000bd98       ??_C@_03PDLM@Nov?$AA@      00499d98     SimpleDate.obj
 0003:0000bd9c       ??_C@_03BLHK@Oct?$AA@      00499d9c     SimpleDate.obj
 0003:0000bda0       ??_C@_03DPFM@Sep?$AA@      00499da0     SimpleDate.obj
 0003:0000bda4       ??_C@_03CMCH@Aug?$AA@      00499da4     SimpleDate.obj
 0003:0000bda8       ??_C@_03OBKI@Jul?$AA@      00499da8     SimpleDate.obj
 0003:0000bdac       ??_C@_03LEIG@Jun?$AA@      00499dac     SimpleDate.obj
 0003:0000bdb0       ??_C@_03MGHB@May?$AA@      00499db0     SimpleDate.obj
 0003:0000bdb4       ??_C@_03MJJM@Apr?$AA@      00499db4     SimpleDate.obj
 0003:0000bdb8       ??_C@_03GNHA@Mar?$AA@      00499db8     SimpleDate.obj
 0003:0000bdbc       ??_C@_03PICE@Feb?$AA@      00499dbc     SimpleDate.obj
 0003:0000bdc0       ??_C@_03IEIF@Jan?$AA@      00499dc0     SimpleDate.obj
 0003:0000bdc4       ??_C@_08FAKH@Saturday?$AA@ 00499dc4     SimpleDate.obj
 0003:0000bdd0       ??_C@_06ONCK@Friday?$AA@   00499dd0     SimpleDate.obj
 0003:0000bdd8       ??_C@_08CCFO@Thursday?$AA@ 00499dd8     SimpleDate.obj
 0003:0000bde4       ??_C@_09PBIN@Wednesday?$AA@ 00499de4     SimpleDate.obj
 0003:0000bdf0       ??_C@_07BMBC@Tuesday?$AA@  00499df0     SimpleDate.obj
 0003:0000bdf8       ??_C@_06CHLK@Monday?$AA@   00499df8     SimpleDate.obj
 0003:0000be00       ??_C@_06OOEM@Sunday?$AA@   00499e00     SimpleDate.obj
 0003:0000be08       ??_C@_03MPKK@Sat?$AA@      00499e08     SimpleDate.obj
 0003:0000be0c       ??_C@_03FINJ@Fri?$AA@      00499e0c     SimpleDate.obj
 0003:0000be10       ??_C@_03HIKC@Thu?$AA@      00499e10     SimpleDate.obj
 0003:0000be14       ??_C@_03HECK@Wed?$AA@      00499e14     SimpleDate.obj
 0003:0000be18       ??_C@_03ECCP@Tue?$AA@      00499e18     SimpleDate.obj
 0003:0000be1c       ??_C@_03PIEP@Mon?$AA@      00499e1c     SimpleDate.obj
 0003:0000be20       ??_C@_03FHEP@Sun?$AA@      00499e20     SimpleDate.obj
 0003:0000be24       ??_C@_03HNGL@?1?4?9?$AA@   00499e24     SimpleDate.obj
 0003:0000be28       ??_C@_0BB@HNHL@?$CFs?0?5?$CFs?5?$CF02d?5?$CF04d?$AA@ 00499e28     SimpleDate.obj
 0003:0000be3c       ??_C@_0P@IPHL@?$CF04d?1?$CF02d?1?$CF02d?$AA@ 00499e3c     SimpleDate.obj
 0003:0000be4c       ??_C@_0P@JEPL@?$CF02d?1?$CF02d?1?$CF04d?$AA@ 00499e4c     SimpleDate.obj
 0003:0000be5c       ??_C@_0P@ODAE@?$CF02d?1?$CF02d?1?$CF02d?$AA@ 00499e5c     SimpleDate.obj
 0003:0000be6c       ??_C@_0BE@ICME@?$CF02d?3?$CF02d?3?$CF02d?5?5?5?$CFs?$AA@ 00499e6c     SimpleDate.obj
 0003:0000be80       ??_C@_0N@POOF@?$CF02d?3?$CF02d?5?$CFs?$AA@ 00499e80     SimpleDate.obj
 0003:0000be90       ??_C@_0BH@PAAA@Invalid?5Date?5or?5Format?$AA@ 00499e90     SimpleDate.obj
 0003:0000bea8       ??_C@_0BB@PFIB@Max?5Length?5is?5?$CFd?$AA@ 00499ea8     SimpleDate.obj
 0003:0000bebc       ??_C@_0BK@LKJP@?$DM?$CFs?$DO?5attribute?5has?5error?5?$AA@ 00499ebc     XMLite.obj
 0003:0000bed8       ??_C@_02IFAI@?5?$DO?$AA@   00499ed8     XMLite.obj
 0003:0000bedc       ??_C@_02HKLB@?5?$DN?$AA@   00499edc     XMLite.obj
 0003:0000bee0       ??_C@_03HJHF@?5?$DP?$DO?$AA@ 00499ee0     XMLite.obj
 0003:0000bee4       ??_C@_08JBNK@?$CDCOMMENT?$AA@ 00499ee4     XMLite.obj
 0003:0000bef0       ??_C@_06GAFP@?$CDCDATA?$AA@ 00499ef0     XMLite.obj
 0003:0000bef8       ??_C@_0CE@DLP@?8?$DM?$CFs?$DO?5?4?4?4?5?$DM?1?$CFs?$DO?8?5is?5not?5wel?9form@ 00499ef8     XMLite.obj
 0003:0000bf1c       ??_C@_0BN@JPAJ@it?5must?5be?5closed?5with?5?$DM?1?$CFs?$DO?$AA@ 00499f1c     XMLite.obj
 0003:0000bf3c       ??_C@_0BN@OCIL@?$CFs?5must?5be?5closed?5with?5?$DM?1?$CFs?$DO?$AA@ 00499f3c     XMLite.obj
 0003:0000bf5c       ??_C@_0BI@EADA@Element?5must?5be?5closed?4?$AA@ 00499f5c     XMLite.obj
 0003:0000bf74       ??_C@_06OBAA@?5?1?$DO?7?$AN?6?$AA@ 00499f74     XMLite.obj
 0003:0000bf7c       ??_C@_01KPOD@?$DN?$AA@     00499f7c     XMLite.obj
 0003:0000bf80       ??_C@_02DLI@?$DM?1?$AA@    00499f80     XMLite.obj
 0003:0000bf84       ??_C@_02FBAJ@?1?$DO?$AA@   00499f84     XMLite.obj
 0003:0000bf88       ??_C@_02PIMC@?$AN?6?$AA@   00499f88     XMLite.obj
 0003:0000bf90       ??_R0?AVtype_info@@@8      00499f90     msvcrt:ti_inst.obj
 0003:0000bfa8       ___defaultmatherr          00499fa8     msvcrt:merr.obj
 0003:0000bfb0       __GUID_df0b3d60_548f_101b_8e65_08002b2bd119 00499fb0     comsupp:comsupp.obj
 0003:0000bfc0       __GUID_1cf2b120_547d_101b_8e65_08002b2bd119 00499fc0     comsupp:comsupp.obj
 0003:0000bfd0       __GUID_00020400_0000_0000_c000_000000000046 00499fd0     comsupp:comsupp.obj
 0003:0000bfe0       ??_C@_00A@?$AA@            00499fe0     AboutDialog.obj
 0003:0000c0d8       ?g_iPageNumber@@3HA        0049a0d8     Reports.obj
 0003:0000c0e0       ?szBuffer@@3PADA           0049a0e0     RunTrainsDialog.obj
 0003:0000c530       ?g_sSchemaPath@@3VCString@@A 0049a530     StdAfx.obj
 0003:0000c534       ?g_sLogo@@3VCString@@A     0049a534     StdAfx.obj
 0003:0000c538       ?g_bRealisticReports@@3HA  0049a538     StdAfx.obj
 0003:0000c53c       ?g_sReportingMarks@@3VCString@@A 0049a53c     StdAfx.obj
 0003:0000c540       ?g_iMethod@@3HA            0049a540     StdAfx.obj
 0003:0000c544       ?g_iOffLayoutTime@@3HA     0049a544     StdAfx.obj
 0003:0000c548       ?g_sRRName@@3VCString@@A   0049a548     StdAfx.obj
 0003:0000c54c       ?g_iCarLength@@3HA         0049a54c     StdAfx.obj
 0003:0000c550       ?g_iLoadEmptyDays@@3HA     0049a550     StdAfx.obj
 0003:0000c5a8       ?theApp@@3VCTrainOpsApp@@A 0049a5a8     TrainOps.obj
 0003:0000c680       ?m_pDebugDialog@@3PAVCIGDebugDialog@@A 0049a680     TrainOps.obj
 0003:0000c68c       ?m_pInPlaceCombo@CInPlaceCombo@@0PAV1@A 0049a68c     InPlaceCombo.obj
 0003:0000c690       ?m_pInPlaceEdit@CInPlaceEdit@@0PAV1@A 0049a690     InPlaceEdit.obj
 0003:0000c6a0       ?ms_WndMenuMap@CWndMenuXP@@1V?$CMap@PAUHWND__@@PAU1@PAVCWndMenuXP@@PAV2@@@A 0049a6a0     MenuXP.obj
 0003:0000c6d8       ?ms_Images@CMenuXP@@1V?$CMap@HHVCImgDesc@@AAV1@@@A 0049a6d8     MenuXP.obj
 0003:0000c6f8       ?ms_sCaptions@CMenuXP@@1V?$CMap@HHVCString@@AAV1@@@A 0049a6f8     MenuXP.obj
 0003:0000c718       ?ms_SubMenuImages@CMenuXP@@1V?$CMap@PAUHMENU__@@PAU1@VCImgDesc@@AAV2@@@A 0049a718     MenuXP.obj
 0003:0000c738       ?ms_sSubMenuCaptions@CMenuXP@@1V?$CMap@PAUHMENU__@@PAU1@VCString@@AAV2@@@A 0049a738     MenuXP.obj
 0003:0000c758       ?ms_rcMRUMenuBarItem@CMenuItem@@2VCRect@@A 0049a758     MenuXP.obj
 0003:0000c768       ?ms_nCheck@CMenuItem@@2EA  0049a768     MenuXP.obj
 0003:0000c770       ?ms_dwRefCount@CWndMenuXP@@1KA 0049a770     MenuXP.obj
 0003:0000c774       ?ms_hHookOldMenuCbtFilter@CWndMenuXP@@1PAUHHOOK__@@A 0049a774     MenuXP.obj
 0003:0000c778       ?v_bsStates@TBTreeStateMgr@@1PAV?$vector@PAGV?$allocator@PAG@std@@@std@@A 0049a778     TBTreeStateMgr.obj
 0003:0000c780       ?csection@TBTreeStateMgr@@1U_RTL_CRITICAL_SECTION@@A 0049a780     TBTreeStateMgr.obj
 0003:0000c798       ?pCtrl@TBTreeStateMgr@@1PAVCTreeCtrl@@A 0049a798     TBTreeStateMgr.obj
 0003:0000c79c       ?pCurrStream@TBTreeStateMgr@@1PAUIStream@@A 0049a79c     TBTreeStateMgr.obj
 0003:0000c7a0       ?pCurrStorage@TBTreeStateMgr@@1PAUIStorage@@A 0049a7a0     TBTreeStateMgr.obj
 0003:0000c7a4       ?pDoc@TBTreeStateMgr@@1PAUIXMLDOMDocument@MSXML@@A 0049a7a4     TBTreeStateMgr.obj
 0003:0000c7a8       ?pExpNodes@TBTreeStateMgr@@1PAUIXMLDOMNode@MSXML@@A 0049a7a8     TBTreeStateMgr.obj
 0003:0000c7ac       ?fInitialized@TBTreeStateMgr@@1_NA 0049a7ac     TBTreeStateMgr.obj
 0003:0000c7ad       ?fUsingCustomStorage@TBTreeStateMgr@@1_NA 0049a7ad     TBTreeStateMgr.obj
 0003:0000c7b0       ?ATL_CREATE_OBJECT@CComApartment@ATL@@2IA 0049a7b0     TBTreeStateMgr.obj
 0003:0000c7b8       ?m_libid@CComModule@ATL@@2U_GUID@@A 0049a7b8     TBTreeStateMgr.obj
 0003:0000c7c8       ?_pModule@ATL@@3PAVCComModule@1@A 0049a7c8     TBTreeStateMgr.obj
 0003:0000c7d0       ?g_xpStyle@@3VCVisualStylesXP@@A 0049a7d0     VisualStylesXP.obj
 0003:0000c7d4       ?WM_XCOMBOLIST_LBUTTONUP@@3IA 0049a7d4     XComboList.obj
 0003:0000c7d8       ?WM_XCOMBOLIST_KEYDOWN@@3IA 0049a7d8     XComboList.obj
 0003:0000c7dc       ?WM_XCOMBOLIST_VK_ESCAPE@@3IA 0049a7dc     XComboList.obj
 0003:0000c7e0       ?WM_XCOMBOLIST_VK_RETURN@@3IA 0049a7e0     XComboList.obj
 0003:0000c7e4       ?WM_XLISTCTRL_CHECKBOX_CLICKED@@3IA 0049a7e4     XListCtrl.obj
 0003:0000c7e8       ?WM_XLISTCTRL_COMBO_SELECTION@@3IA 0049a7e8     XListCtrl.obj
 0003:0000ca20       ?g_RA_hMutexOtherRestarting@@3PAXA 0049aa20     RestartAPI.obj
 0003:0000ca24       ?g_RA_bWasRestarted@@3HA   0049aa24     RestartAPI.obj
 0003:0000ca28       ?optDefault@@3U_tagDispOption@@A 0049aa28     XMLite.obj
 0003:0000ca38       ?piDefault@@3U_tagParseInfo@@A 0049aa38     XMLite.obj
 0003:0000ca60       ?entityDefault@@3U_tagXMLEntitys@@A 0049aa60     XMLite.obj
 0003:0000ca70       __afxForceEXCLUDE          0049aa70     mfcs42:nolib.obj
 0003:0000ca74       __afxForceSTDAFX           0049aa74     mfcs42:stdafx.obj
 0003:0000ca78       __dowildcard               0049aa78     msvcrt:wildcard.obj
 0003:0000ca7c       __newmode                  0049aa7c     msvcrt:_newmode.obj
 0003:0000ca80       __commode                  0049aa80     msvcrt:xncommod.obj
 0003:0000ca84       __fmode                    0049aa84     msvcrt:xtxtmode.obj
 0003:0000ca88       __GUID_00000000_0000_0000_0000_000000000000 0049aa88     comsupp:comsupp.obj
 0003:0000ca98       ?vtMissing@@3V_variant_t@@A 0049aa98     comsupp:comutil.obj
 0003:0000caa8       ?_afxInitAppState@@3DA     0049aaa8     mfcs42:appmodul.obj
 0003:0000caac       __adjust_fdiv              0049aaac     <common>
 0003:0000cab0       ___onexitend               0049aab0     <common>
 0003:0000cab4       ___onexitbegin             0049aab4     <common>

 entry point at        0001:0006a9a0

 Static symbols

 0001:000651b0       _$E259                     004661b0 f   XMLite.obj
 0001:000651c0       _$E256                     004661c0 f   XMLite.obj
 0001:000651d0       _$E258                     004661d0 f   XMLite.obj
 0001:000651e0       _$E257                     004661e0 f   XMLite.obj
 0001:000651f0       _$E265                     004661f0 f   XMLite.obj
 0001:00065200       _$E262                     00466200 f   XMLite.obj
 0001:00065210       _$E264                     00466210 f   XMLite.obj
 0001:00065220       _$E263                     00466220 f   XMLite.obj
 0001:00065230       _$E270                     00466230 f   XMLite.obj
 0001:00065240       _$E267                     00466240 f   XMLite.obj
 0001:00065290       _$E269                     00466290 f   XMLite.obj
 0001:000652a0       _$E268                     004662a0 f   XMLite.obj
 0001:000652c0       _$E273                     004662c0 f   XMLite.obj
 0001:000652d0       _$E272                     004662d0 f   XMLite.obj
 0001:00065300       _$E278                     00466300 f   XMLite.obj
 0001:00065310       _$E275                     00466310 f   XMLite.obj
 0001:00065330       _$E277                     00466330 f   XMLite.obj
 0001:00065340       _$E276                     00466340 f   XMLite.obj
 0001:0005f910       _$E238                     00460910 f   ResizableSheetEx.obj
 0001:0005f920       _$E237                     00460920 f   ResizableSheetEx.obj
 0001:0005ec40       _$E238                     0045fc40 f   ResizableSheet.obj
 0001:0005ec50       _$E237                     0045fc50 f   ResizableSheet.obj
 0001:0005e7d0       _$E238                     0045f7d0 f   ResizablePageEx.obj
 0001:0005e7e0       _$E237                     0045f7e0 f   ResizablePageEx.obj
 0001:0005e400       _$E238                     0045f400 f   ResizablePage.obj
 0001:0005e410       _$E237                     0045f410 f   ResizablePage.obj
 0001:0005d640       _$E238                     0045e640 f   ResizableLayout.obj
 0001:0005d650       _$E237                     0045e650 f   ResizableLayout.obj
 0001:0005cf40       _$E238                     0045df40 f   ResizableFormView.obj
 0001:0005cf50       _$E237                     0045df50 f   ResizableFormView.obj
 0001:0005c460       _$E238                     0045d460 f   ResizableDialog.obj
 0001:0005c470       _$E237                     0045d470 f   ResizableDialog.obj
 0001:00058b80       _$E245                     00459b80 f   XListCtrl.obj
 0001:00058b90       _$E244                     00459b90 f   XListCtrl.obj
 0001:00058bb0       _$E248                     00459bb0 f   XListCtrl.obj
 0001:00058bc0       _$E247                     00459bc0 f   XListCtrl.obj
 0001:00057470       _$E240                     00458470 f   XComboList.obj
 0001:00057480       _$E239                     00458480 f   XComboList.obj
 0001:000574a0       _$E243                     004584a0 f   XComboList.obj
 0001:000574b0       _$E242                     004584b0 f   XComboList.obj
 0001:000574d0       _$E246                     004584d0 f   XComboList.obj
 0001:000574e0       _$E245                     004584e0 f   XComboList.obj
 0001:00057500       _$E249                     00458500 f   XComboList.obj
 0001:00057510       _$E248                     00458510 f   XComboList.obj
 0001:000567c0       _$E240                     004577c0 f   VisualStylesXP.obj
 0001:000567d0       _$E237                     004577d0 f   VisualStylesXP.obj
 0001:000567e0       _$E239                     004577e0 f   VisualStylesXP.obj
 0001:000567f0       _$E238                     004577f0 f   VisualStylesXP.obj
 0001:0004d4f0       _$E244                     0044e4f0 f   MenuXP.obj
 0001:0004d500       _$E243                     0044e500 f   MenuXP.obj
 0001:0004ebd0       _$E251                     0044fbd0 f   MenuXP.obj
 0001:0004ebe0       _$E247                     0044fbe0 f   MenuXP.obj
 0001:0004ebf0       _$E250                     0044fbf0 f   MenuXP.obj
 0001:0004ec00       _$E248                     0044fc00 f   MenuXP.obj
 0001:0004ec20       _$E256                     0044fc20 f   MenuXP.obj
 0001:0004ec30       _$E253                     0044fc30 f   MenuXP.obj
 0001:0004ec40       _$E255                     0044fc40 f   MenuXP.obj
 0001:0004ec50       _$E254                     0044fc50 f   MenuXP.obj
 0001:0004ec70       _$E261                     0044fc70 f   MenuXP.obj
 0001:0004ec80       _$E258                     0044fc80 f   MenuXP.obj
 0001:0004ec90       _$E260                     0044fc90 f   MenuXP.obj
 0001:0004eca0       _$E259                     0044fca0 f   MenuXP.obj
 0001:0004ecc0       _$E266                     0044fcc0 f   MenuXP.obj
 0001:0004ecd0       _$E263                     0044fcd0 f   MenuXP.obj
 0001:0004ece0       _$E265                     0044fce0 f   MenuXP.obj
 0001:0004ecf0       _$E264                     0044fcf0 f   MenuXP.obj
 0001:0004fe60       _$E275                     00450e60 f   MenuXP.obj
 0001:0004fe70       _$E271                     00450e70 f   MenuXP.obj
 0001:0004fe80       _$E274                     00450e80 f   MenuXP.obj
 0001:0004fe90       _$E272                     00450e90 f   MenuXP.obj
 0001:00046290       ?_ToRGB@@YAEMMM@Z          00447290 f   Draw.obj
 0001:00047850       ?_DrawTriangle@@YAXPAVCDC@@HHH_N@Z 00448850 f   Draw.obj
 0001:00042140       _$E239                     00443140 f   amsEdit.obj
 0001:00042150       _$E238                     00443150 f   amsEdit.obj
 0001:000424d0       _$E242                     004434d0 f   amsEdit.obj
 0001:000424e0       _$E241                     004434e0 f   amsEdit.obj
 0001:00042880       _$E245                     00443880 f   amsEdit.obj
 0001:00042890       _$E244                     00443890 f   amsEdit.obj
 0001:00043050       _$E248                     00444050 f   amsEdit.obj
 0001:00043060       _$E247                     00444060 f   amsEdit.obj
 0001:0002c380       _$E292                     0042d380 f   TrainOps.obj
 0001:0002c390       _$E289                     0042d390 f   TrainOps.obj
 0001:0002c3a0       _$E291                     0042d3a0 f   TrainOps.obj
 0001:0002c3b0       _$E290                     0042d3b0 f   TrainOps.obj
 0001:0002c3c0       _$E298                     0042d3c0 f   TrainOps.obj
 0001:0002c3d0       _$E295                     0042d3d0 f   TrainOps.obj
 0001:0002c3e0       _$E297                     0042d3e0 f   TrainOps.obj
 0001:0002c3f0       _$E296                     0042d3f0 f   TrainOps.obj
 0001:0002c690       _$E303                     0042d690 f   TrainOps.obj
 0001:0002c6a0       _$E300                     0042d6a0 f   TrainOps.obj
 0001:0002c6b0       _$E302                     0042d6b0 f   TrainOps.obj
 0001:0002c6c0       _$E301                     0042d6c0 f   TrainOps.obj
 0001:00028210       _$E243                     00429210 f   TerminateTrainDialog.obj
 0001:00028220       _$E242                     00429220 f   TerminateTrainDialog.obj
 0001:00027a60       _$E240                     00428a60 f   StdAfx.obj
 0001:00027a70       _$E237                     00428a70 f   StdAfx.obj
 0001:00027a80       _$E239                     00428a80 f   StdAfx.obj
 0001:00027a90       _$E238                     00428a90 f   StdAfx.obj
 0001:00027aa0       _$E245                     00428aa0 f   StdAfx.obj
 0001:00027ab0       _$E242                     00428ab0 f   StdAfx.obj
 0001:00027ac0       _$E244                     00428ac0 f   StdAfx.obj
 0001:00027ad0       _$E243                     00428ad0 f   StdAfx.obj
 0001:00027ae0       _$E250                     00428ae0 f   StdAfx.obj
 0001:00027af0       _$E247                     00428af0 f   StdAfx.obj
 0001:00027b00       _$E249                     00428b00 f   StdAfx.obj
 0001:00027b10       _$E248                     00428b10 f   StdAfx.obj
 0001:00027b20       _$E255                     00428b20 f   StdAfx.obj
 0001:00027b30       _$E252                     00428b30 f   StdAfx.obj
 0001:00027b40       _$E254                     00428b40 f   StdAfx.obj
 0001:00027b50       _$E253                     00428b50 f   StdAfx.obj
 0001:00020180       _$E260                     00421180 f   RunTrainsDialog.obj
 0001:00020190       _$E259                     00421190 f   RunTrainsDialog.obj
 0001:00014940       _$E246                     00415940 f   PhysicalLayoutDialog.obj
 0001:00014950       _$E245                     00415950 f   PhysicalLayoutDialog.obj
 0001:00016d60       ?CopyData@@YAJABVCTreeCtrl@@PAU_TREEITEM@@J@Z 00417d60 f   PhysicalLayoutDialog.obj
 0001:000128d0       _$E270                     004138d0 f   MainFrm.obj
 0001:000128e0       _$E269                     004138e0 f   MainFrm.obj
 0001:0000b990       _$E243                     0040c990 f   IndustryCarOrdersDialog.obj
 0001:0000b9a0       _$E242                     0040c9a0 f   IndustryCarOrdersDialog.obj
 0001:0006ba2d       _$E373                     0046ca2d f   mfcs42:appmodul.obj
 0001:0006ba32       _$E372                     0046ca32 f   mfcs42:appmodul.obj
 0001:0006a936       ?ArrayUnwindFilter@@YAHPAU_EXCEPTION_POINTERS@@@Z 0046b936 f   msvcrt:ehvecdtr.obj
 0001:0006b6b2       _$E4                       0046c6b2 f   comsupp:comutil.obj
 0001:0006b6bc       _$E1                       0046c6bc f   comsupp:comutil.obj
 0001:0006b6ce       _$E3                       0046c6ce f   comsupp:comutil.obj
 0001:0006b6da       _$E2                       0046c6da f   comsupp:comutil.obj
 0001:0006b0e1       ?_com_invoke_helper@@YAJPAUIDispatch@@JGGPAXPBGPADPAPAUIErrorInfo@@@Z 0046c0e1 f   comsupp:comsupp.obj
